Archive member included to satisfy reference by file (symbol)

c:/devkitPro/libnds/lib\libmm9.a(mm_comms.o)
                              main.o (mmStart)
c:/devkitPro/libnds/lib\libmm9.a(mm_main9.o)
                              c:/devkitPro/libnds/lib\libmm9.a(mm_comms.o) (mmCallback)
c:/devkitPro/libnds/lib\libmm9.a(mm_memory.o)
                              main.o (mmLoad)
c:/devkitPro/libnds/lib\libmm9.a(mm_soundbank.o)
                              c:/devkitPro/libnds/lib\libmm9.a(mm_main9.o) (mmSoundBankInMemory)
c:/devkitPro/libnds/lib\libmm9.a(mm_flusher.o)
                              c:/devkitPro/libnds/lib\libmm9.a(mm_memory.o) (mmFlushBank)
c:/devkitPro/libnds/lib\libnds9.a(keys.o)
                              main.o (scanKeys)
c:/devkitPro/libnds/lib\libnds9.a(sprite.o)
                              main.o (oamInit)
c:/devkitPro/libnds/lib\libnds9.a(trig.o)
                              entity.o (sinLerp)
c:/devkitPro/libnds/lib\libnds9.a(console.o)
                              main.o (consoleDebugInit)
c:/devkitPro/libnds/lib\libnds9.a(system.o)
                              main.o (powerOn)
c:/devkitPro/libnds/lib\libnds9.a(sprite_alloc.o)
                              c:/devkitPro/libnds/lib\libnds9.a(sprite.o) (oamAllocReset)
c:/devkitPro/libnds/lib\libnds9.a(sassert.o)
                              enemy.o (__sassert)
c:/devkitPro/libnds/lib\libnds9.a(touch.o)
                              main.o (touchRead)
c:/devkitPro/libnds/lib\libnds9.a(background.o)
                              main.o (bgState)
c:/devkitPro/libnds/lib\libnds9.a(initSystem.o)
                              c:/devkitpro/devkitarm/bin/../lib/gcc/arm-none-eabi/4.9.2/../../../../arm-none-eabi/lib/thumb/ds_arm9_crt0.o (initSystem)
c:/devkitPro/libnds/lib\libnds9.a(fifosystem.o)
                              c:/devkitPro/libnds/lib\libmm9.a(mm_comms.o) (fifoSetValue32Handler)
c:/devkitPro/libnds/lib\libnds9.a(libnds_exit.arm.o)
                              c:/devkitpro/devkitarm/bin/../lib/gcc/arm-none-eabi/4.9.2/../../../../arm-none-eabi/lib/thumb/ds_arm9_crt0.o (__libnds_exit)
c:/devkitPro/libnds/lib\libnds9.a(interrupts.o)
                              c:/devkitPro/libnds/lib\libnds9.a(fifosystem.o) (irqSet)
c:/devkitPro/libnds/lib\libnds9.a(dcache.o)
                              c:/devkitPro/libnds/lib\libnds9.a(sprite.o) (DC_FlushRange)
c:/devkitPro/libnds/lib\libnds9.a(mpu_setup.o)
                              c:/devkitpro/devkitarm/bin/../lib/gcc/arm-none-eabi/4.9.2/../../../../arm-none-eabi/lib/thumb/ds_arm9_crt0.o (__libnds_mpu_setup)
c:/devkitPro/libnds/lib\libnds9.a(swiSoftReset.o)
                              c:/devkitPro/libnds/lib\libnds9.a(fifosystem.o) (swiSoftReset)
c:/devkitPro/libnds/lib\libnds9.a(debugprint.o)
                              c:/devkitPro/libnds/lib\libnds9.a(console.o) (nocashWrite)
c:/devkitPro/libnds/lib\libnds9.a(biosCalls.o)
                              c:/devkitPro/libnds/lib\libnds9.a(system.o) (swiDelay)
c:/devkitPro/libnds/lib\libnds9.a(interruptDispatcher.o)
                              c:/devkitPro/libnds/lib\libnds9.a(interrupts.o) (IntrMain)
c:/devkitPro/libnds/lib\libnds9.a(default_font.bin.o)
                              c:/devkitPro/libnds/lib\libnds9.a(console.o) (default_font_bin)
c:/devkitPro/libnds/lib\libnds9.a(video.o)
                              c:/devkitPro/libnds/lib\libnds9.a(initSystem.o) (vramDefault)
c:/devkitPro/libnds/lib\libnds9.a(timeSupport.o)
                              c:/devkitPro/libnds/lib\libnds9.a(initSystem.o) (__libnds_gtod)
c:/devkitpro/devkitarm/bin/../lib/gcc/arm-none-eabi/4.9.2/../../../../arm-none-eabi/lib/thumb\libstdc++.a(del_op.o)
                              enemy.o (operator delete(void*))
c:/devkitpro/devkitarm/bin/../lib/gcc/arm-none-eabi/4.9.2/../../../../arm-none-eabi/lib/thumb\libstdc++.a(new_op.o)
                              enemy.o (operator new(unsigned int))
c:/devkitpro/devkitarm/bin/../lib/gcc/arm-none-eabi/4.9.2/../../../../arm-none-eabi/lib/thumb\libstdc++.a(atexit_arm.o)
                              main.o (__aeabi_atexit)
c:/devkitpro/devkitarm/bin/../lib/gcc/arm-none-eabi/4.9.2/../../../../arm-none-eabi/lib/thumb\libstdc++.a(eh_alloc.o)
                              c:/devkitpro/devkitarm/bin/../lib/gcc/arm-none-eabi/4.9.2/../../../../arm-none-eabi/lib/thumb\libstdc++.a(new_op.o) (__cxa_allocate_exception)
c:/devkitpro/devkitarm/bin/../lib/gcc/arm-none-eabi/4.9.2/../../../../arm-none-eabi/lib/thumb\libstdc++.a(new_handler.o)
                              c:/devkitpro/devkitarm/bin/../lib/gcc/arm-none-eabi/4.9.2/../../../../arm-none-eabi/lib/thumb\libstdc++.a(new_op.o) (std::get_new_handler())
c:/devkitpro/devkitarm/bin/../lib/gcc/arm-none-eabi/4.9.2/../../../../arm-none-eabi/lib/thumb\libstdc++.a(eh_terminate.o)
                              c:/devkitpro/devkitarm/bin/../lib/gcc/arm-none-eabi/4.9.2/../../../../arm-none-eabi/lib/thumb\libstdc++.a(eh_alloc.o) (std::terminate())
[...]
Memory Configuration

Name             Origin             Length             Attributes
rom              0x08000000         0x02000000
ewram            0x02000000         0x003ff000
dtcm             0x0b000000         0x00004000
vectors          0x01000000         0x00000100
itcm             0x01000100         0x00007f00
*default*        0x00000000         0xffffffff

Linker script and memory map

                0x01000000                __vectors_start = ORIGIN (vectors)
                0x01000100                __itcm_start = ORIGIN (itcm)
                0x023ff000                __ewram_end = (ORIGIN (ewram) + 0x3ff000)
                0x023ff000                __eheap_end = (ORIGIN (ewram) + 0x3ff000)
                0x0b000000                __dtcm_start = ORIGIN (dtcm)
                0x0b004000                __dtcm_top = (ORIGIN (dtcm) + 0x4000)
                0x0b003ff8                __irq_flags = (__dtcm_top - 0x8)
                0x0b003ffc                __irq_vector = (__dtcm_top - 0x4)
                0x0b003f00                __sp_svc = (__dtcm_top - 0x100)
                0x0b003e00                __sp_irq = (__sp_svc - 0x100)
                0x0b003d00                __sp_usr = (__sp_irq - 0x100)

.init           0x02000000      0x23c
                0x02000000                __text_start = .
 *(.init)
 .init          0x02000000      0x230 c:/devkitpro/devkitarm/bin/../lib/gcc/arm-none-eabi/4.9.2/../../../../arm-none-eabi/lib/thumb/ds_arm9_crt0.o
                0x02000000                _start
 .init          0x02000230        0x4 c:/devkitpro/devkitarm/bin/../lib/gcc/arm-none-eabi/4.9.2/thumb/crti.o
                0x02000230                _init
 .init          0x02000234        0x8 c:/devkitpro/devkitarm/bin/../lib/gcc/arm-none-eabi/4.9.2/thumb/crtn.o
                0x0200023c                . = ALIGN (0x4)

.plt
 *(.plt)

.text           0x02000240    0x29a58
 *(EXCLUDE_FILE(*.itcm*) .text)
 .text          0x02000240        0x0 c:/devkitpro/devkitarm/bin/../lib/gcc/arm-none-eabi/4.9.2/../../../../arm-none-eabi/lib/thumb/ds_arm9_crt0.o
 .text          0x02000240        0x0 c:/devkitpro/devkitarm/bin/../lib/gcc/arm-none-eabi/4.9.2/thumb/crti.o
 .text          0x02000240       0xd4 c:/devkitpro/devkitarm/bin/../lib/gcc/arm-none-eabi/4.9.2/thumb/crtbegin.o
 .text          0x02000314        0x0 soundbank.bin.o
 .text          0x02000314        0x0 bluemapTank.o
 .text          0x02000314        0x0 bluetank.o
 .text          0x02000314        0x0 drunkenlogo.o
 .text          0x02000314        0x0 gameover.o
 .text          0x02000314        0x0 mapTank.o
 .text          0x02000314        0x0 planet.o
 .text          0x02000314        0x0 redmapTank.o
 .text          0x02000314        0x0 redtank.o
 .text          0x02000314        0x0 shellBullet.o
 .text          0x02000314        0x0 spawn.o
 .text          0x02000314        0x0 start.o
 .text          0x02000314        0x0 subbackground.o
 .text          0x02000314        0x0 subspawn.o
 .text          0x02000314        0x0 substart.o
 .text          0x02000314        0x0 tank.o
 .text          0x02000314        0x0 turret.o
 .text          0x02000314        0x0 victory.o
 .text          0x02000314        0x0 yellowmapTank.o
 .text          0x02000314        0x0 yellowtank.o
 .text          0x02000314       0x24 camera.o
                0x02000314                camera::camera()
                0x02000314                camera::camera()
                0x0200032c                camera::~camera()
                0x0200032c                camera::~camera()
                0x02000330                camera::move(float, float)
 .text          0x02000338      0x860 enemy.o
                0x02000338                enemy::enemy()
                0x02000338                enemy::enemy()
                0x02000344                enemy::init(entity*, float, float, int, int, SpriteColorFormat, SpriteSize, float, float, int, int, int)
                0x020003a0                enemy::draw(camera*)
                0x020005f4                enemy::~enemy()
                0x020005f4                enemy::~enemy()
                0x02000614                enemy::rotateToTarget()
                0x02000690                enemy::getDistanceTo(entity*)
                0x02000788                enemy::moveShip()
                0x0200084c                enemy::accelerate(bool)
                0x02000958                enemy::willItCollideWith(entity&)
                0x02000a70                enemy::fireShell(std::vector<shell*, std::allocator<shell*> >*)
                0x02000b0c                enemy::process(std::vector<shell*, std::allocator<shell*> >*)
 .text          0x02000b98      0x538 entity.o
                0x02000b98                entity::entity()
                0x02000b98                entity::entity()
                0x02000bb0                entity::~entity()
                0x02000bb0                entity::~entity()
                0x02000bb4                entity::init(float, float, int, int, SpriteColorFormat, SpriteSize, float, float, int, int, int)
                0x02000bec                entity::draw(camera*)
                0x02000cbc                entity::radToDeg(float)
                0x02000ce0                entity::getAngleDeg()
                0x02000d00                entity::getAngleRad()
                0x02000d04                entity::accelerate(bool)
                0x02000de8                entity::stopShip()
                0x02000df0                entity::rotateSprite(int, int)
                0x02000e48                entity::moveShip()
                0x02000e90                entity::turnClockwise()
                0x02000eb8                entity::turnCounterClockwise()
                0x02000ee0                entity::setAngle(float)
                0x02000ee4                entity::spriteSizetoInt()
                0x02000fc8                entity::IsCollidingWith(entity&)
 .text          0x020010d0     0x1d38 main.o
                0x02001140                initSub()
                0x02001324                drawSubScreen()
                0x0200155c                assignTarget(int)
                0x02001704                randomlyTarget()
                0x020017b0                spawnShell(entity*)
                0x02001850                handleInput()
                0x02001ac8                initOAMShells()
                0x02001b8c                startgame()
 .text          0x02002e08      0x5a0 player.o
                0x02002e08                player::player()
                0x02002e08                player::player()
                0x02002e14                player::init(entity*, float, float, int, int, SpriteColorFormat, SpriteSize, float, float, int, int, int)
                0x02002e4c                player::draw(camera*)
                0x020030a0                player::~player()
                0x020030a0                player::~player()
                0x020030c0                player::moveShip()
                0x02003184                player::accelerate(bool)
                0x02003290                player::willItCollideWith(entity&)
 .text          0x020033a8      0x10c shell.o
                0x020033a8                shell::shell()
                0x020033a8                shell::shell()
                0x020033b4                shell::~shell()
                0x020033b4                shell::~shell()
                0x020033c0                shell::draw(camera*, unsigned short*, int)
 .text          0x020034b4      0x24c c:/devkitPro/libnds/lib\libmm9.a(mm_comms.o)
                0x020034b4                mmSetupComms
                0x02003506                mmSendBank
                0x02003510                mmLockChannels
                0x02003516                mmUnlockChannels
                0x0200351c                mmStart
                0x02003526                mmPause
                0x0200352a                mmResume
                0x0200352e                mmStop
                0x02003532                mmPosition
                0x02003536                mmJingle
                0x0200353a                mmSetModuleVolume
                0x0200353e                mmSetJingleVolume
                0x02003542                mmSetModuleTempo
                0x02003546                mmSetModulePitch
                0x0200354a                mmSetEffectsVolume
                0x0200354e                mmSelectMode
                0x02003552                mmStreamBegin
                0x02003566                mmStreamEnd
                0x020035bc                mmEffect
                0x020035e0                mmEffectVolume
                0x020035e4                mmEffectPanning
                0x020035e8                mmEffectRate
                0x020035f2                mmEffectScaleRate
                0x020035fc                mmEffectRelease
                0x02003602                mmEffectCancel
                0x02003608                mmEffectEx
                0x02003646                mmEffectCancelAll
                0x0200364a                mmReverbEnable
                0x0200364e                mmReverbDisable
                0x02003652                mmReverbConfigure
                0x020036ae                mmReverbStart
                0x020036b2                mmReverbStop
 .text          0x02003700      0x108 c:/devkitPro/libnds/lib\libmm9.a(mm_main9.o)
                0x02003700                mmActive
                0x02003706                mmSetEventHandler
                0x0200370c                mmInit
                0x02003736                mmInitDefault
                0x02003780                mmInitDefaultMem
                0x020037a2                mmSuspendIRQ_t
                0x020037c0                mmRestoreIRQ_t
 .text          0x02003808      0x120 c:/devkitPro/libnds/lib\libmm9.a(mm_memory.o)
                0x02003808                mmLoad
                0x02003858                mmUnload
                0x020038b0                mmLoadEffect
                0x020038e8                mmUnloadEffect
 .text          0x02003928      0x100 c:/devkitPro/libnds/lib\libmm9.a(mm_soundbank.o)
                0x02003928                mmSoundBankInMemory
                0x02003930                mmSoundBankInFiles
                0x02003942                mmSetCustomSoundBankHandler
                0x0200396e                mmsHandleFileOp
 .text          0x02003a28       0x3c c:/devkitPro/libnds/lib\libmm9.a(mm_flusher.o)
                0x02003a28                mmFlushBank
 .text          0x02003a64       0xf4 c:/devkitPro/libnds/lib\libnds9.a(keys.o)
                0x02003a64                scanKeys
                0x02003ad0                keysHeld
                0x02003adc                keysDown
                0x02003aec                keysDownRepeat
                0x02003afc                keysSetRepeat
                0x02003b14                keysUp
                0x02003b24                keysCurrent
 .text          0x02003b58      0x3fc c:/devkitPro/libnds/lib\libnds9.a(sprite.o)
                0x02003b58                oamInit
                0x02003c74                oamDisable
                0x02003ca0                oamEnable
                0x02003cc0                oamGetGfxPtr
                0x02003cf8                oamClear
                0x02003d20                oamGfxPtrToOffset
                0x02003d50                oamSet
                0x02003ea4                oamUpdate
                0x02003f04                oamRotateScale
 .text          0x02003f54      0x244 c:/devkitPro/libnds/lib\libnds9.a(trig.o)
                0x02003f54                asinComp
                0x02003f78                sinLutLookup
                0x02003fb0                sinLerp
                0x02003fec                cosLerp
                0x02004000                tanLutLookup
                0x02004038                tanLerp
                0x020040e0                asinLerp
                0x0200415c                acosLerp
                0x02004170                atanComp
 .text          0x02004198      0xa54 c:/devkitPro/libnds/lib\libnds9.a(console.o)
                0x02004244                nocash_write
                0x02004254                consoleGetDefault
                0x02004260                consoleSelect
                0x02004270                consoleDebugInit
                0x020042c0                consolePrintChar
                0x020044a4                consoleLoadFont
                0x02004730                consoleSetFont
                0x02004750                consoleInit
                0x020048b8                consoleDemoInit
                0x020048fc                con_write
                0x02004bbc                consoleClear
                0x02004bcc                consoleSetWindow
 .text          0x02004bec      0x134 c:/devkitPro/libnds/lib\libnds9.a(system.o)
                0x02004bec                setSDcallback
                0x02004bf8                systemMsgHandler
                0x02004c48                systemSleep
                0x02004c60                systemValueHandler
                0x02004c9c                powerOn
                0x02004cc8                powerOff
                0x02004cf0                ledBlink
                0x02004d00                getBatteryLevel
 .text          0x02004d20      0x45c c:/devkitPro/libnds/lib\libnds9.a(sprite_alloc.o)
                0x02004d50                oamAllocReset
                0x02004d6c                oamAllocateGfx
                0x02004f9c                oamFreeGfx
                0x0200512c                oamCountFragments
 .text          0x0200517c       0x34 c:/devkitPro/libnds/lib\libnds9.a(sassert.o)
                0x0200517c                __sassert
 .text          0x020051b0       0x48 c:/devkitPro/libnds/lib\libnds9.a(touch.o)
                0x020051b0                touchRead
                0x020051d4                touchReadXY
 .text          0x020051f8      0x350 c:/devkitPro/libnds/lib\libnds9.a(background.o)
                0x020051f8                bgIsText
                0x02005204                checkIfText
                0x0200525c                bgUpdate
                0x02005350                bgInit_call
                0x02005440                bgInitSub_call
 .text          0x02005548      0x14c c:/devkitPro/libnds/lib\libnds9.a(initSystem.o)
                0x02005548                initSystem
 .text          0x02005694      0xcb8 c:/devkitPro/libnds/lib\libnds9.a(fifosystem.o)
                0x02005958                fifoSetValue32Handler
                0x020059cc                fifoSendAddress
                0x020059f8                fifoSendValue32
                0x02005a34                fifoSendDatamsg
                0x02005aa8                fifoGetAddress
                0x02005b14                fifoSetAddressHandler
                0x02005b88                fifoGetValue32
                0x02005b9c                fifoGetDatamsg
                0x02006050                fifoSetDatamsgHandler
                0x020060e4                fifoCheckAddress
                0x02006108                fifoCheckDatamsg
                0x0200612c                fifoCheckDatamsgLength
                0x0200615c                fifoCheckValue32
                0x02006180                fifoInit
 .text          0x0200634c       0x5c c:/devkitPro/libnds/lib\libnds9.a(libnds_exit.arm.o)
                0x0200634c                systemErrorExit
                0x02006350                __libnds_exit
 .text          0x020063a8      0x1ec c:/devkitPro/libnds/lib\libnds9.a(interrupts.o)
                0x020063a8                irqDummy
                0x020063ac                irqSet
                0x02006418                irqInit
                0x02006464                irqInitHandler
                0x02006494                irqEnable
                0x020064f8                irqDisable
                0x0200655c                irqClear
 .text          0x02006594       0x88 c:/devkitPro/libnds/lib\libnds9.a(dcache.o)
                0x02006594                DC_FlushAll
                0x020065c0                DC_FlushRange
                0x020065e4                DC_InvalidateAll
                0x020065f0                DC_InvalidateRange
 .text          0x0200661c      0x1b4 c:/devkitPro/libnds/lib\libnds9.a(mpu_setup.o)
                0x0200661c                __libnds_mpu_setup
                0x0200675c                memCached
                0x02006774                memUncached
 .text          0x020067d0       0x30 c:/devkitPro/libnds/lib\libnds9.a(swiSoftReset.o)
                0x020067d0                swiSoftReset
 .text          0x02006800       0xa4 c:/devkitPro/libnds/lib\libnds9.a(debugprint.o)
                0x02006800                nocashWrite
                0x02006802                nocashMessage
 *fill*         0x020068a4        0xc ff
 .text          0x020068b0       0x70 c:/devkitPro/libnds/lib\libnds9.a(biosCalls.o)
                0x020068b0                swiDelay
                0x020068b4                swiIntrWait
                0x020068b8                swiWaitForVBlank
                0x020068bc                swiSleep
                0x020068c0                swiChangeSoundBias
                0x020068c4                swiDivide
                0x020068c8                swiRemainder
                0x020068ce                swiDivMod
                0x020068da                swiCopy
                0x020068de                swiFastCopy
                0x020068e2                swiSqrt
                0x020068e6                swiCRC16
                0x020068ea                swiIsDebugger
                0x020068ee                swiUnpackBits
                0x020068f2                swiDecompressLZSSWram
                0x020068f6                swiDecompressLZSSVramNTR
                0x020068fa                swiDecompressLZSSVramTWL
                0x020068fe                swiDecompressHuffman
                0x02006902                swiDecompressRLEWram
                0x02006906                swiDecompressRLEVram
                0x0200690a                swiWaitForIRQ
                0x0200690e                swiDecodeDelta8
                0x02006912                swiDecodeDelta16
                0x02006916                swiSetHaltCR
 .text          0x02006920        0x0 c:/devkitPro/libnds/lib\libnds9.a(interruptDispatcher.o)
 .text          0x02006920        0x0 c:/devkitPro/libnds/lib\libnds9.a(default_font.bin.o)
 .text          0x02006920      0x1f8 c:/devkitPro/libnds/lib\libnds9.a(video.o)
                0x02006920                vramSetPrimaryBanks
                0x02006964                vramSetMainBanks
                0x020069a8                vramSetBanks_EFG
                0x020069e0                vramRestorePrimaryBanks
                0x020069ec                vramRestoreMainBanks
                0x020069f8                vramRestoreBanks_EFG
                0x02006a04                setBrightness
                0x02006a44                vramDefault
 .text          0x02006b18       0x24 c:/devkitPro/libnds/lib\libnds9.a(timeSupport.o)
                0x02006b18                __libnds_gtod
 .text          0x02006b3c        0x0 c:/devkitpro/devkitarm/bin/../lib/gcc/arm-none-eabi/4.9.2/../../../../arm-none-eabi/lib/thumb\libstdc++.a(del_op.o)
 .text          0x02006b3c        0x0 c:/devkitpro/devkitarm/bin/../lib/gcc/arm-none-eabi/4.9.2/../../../../arm-none-eabi/lib/thumb\libstdc++.a(new_op.o)
 .text          0x02006b3c        0x0 c:/devkitpro/devkitarm/bin/../lib/gcc/arm-none-eabi/4.9.2/../../../../arm-none-eabi/lib/thumb\libstdc++.a(atexit_arm.o)
 .text          0x02006b3c        0x0 c:/devkitpro/devkitarm/bin/../lib/gcc/arm-none-eabi/4.9.2/../../../../arm-none-eabi/lib/thumb\libstdc++.a(eh_alloc.o)
 .text          0x02006b3c        0x0 c:/devkitpro/devkitarm/bin/../lib/gcc/arm-none-eabi/4.9.2/../../../../arm-none-eabi/lib/thumb\libstdc++.a(new_handler.o)
 .text          0x02006b3c        0x0 c:/devkitpro/devkitarm/bin/../lib/gcc/arm-none-eabi/4.9.2/../../../../arm-none-eabi/lib/thumb\libstdc++.a(eh_terminate.o)
 .text          0x02006b3c        0x0 c:/devkitpro/devkitarm/bin/../lib/gcc/arm-none-eabi/4.9.2/../../../../arm-none-eabi/lib/thumb\libstdc++.a(eh_unex_handler.o)
 .text          0x02006b3c        0x0 c:/devkitpro/devkitarm/bin/../lib/gcc/arm-none-eabi/4.9.2/../../../../arm-none-eabi/lib/thumb\libstdc++.a(bad_alloc.o)
 .text          0x02006b3c        0x0 c:/devkitpro/devkitarm/bin/../lib/gcc/arm-none-eabi/4.9.2/../../../../arm-none-eabi/lib/thumb\libstdc++.a(eh_arm.o)
 .text          0x02006b3c        0x0 c:/devkitpro/devkitarm/bin/../lib/gcc/arm-none-eabi/4.9.2/../../../../arm-none-eabi/lib/thumb\libstdc++.a(eh_throw.o)
 .text          0x02006b3c        0x0 c:/devkitpro/devkitarm/bin/../lib/gcc/arm-none-eabi/4.9.2/../../../../arm-none-eabi/lib/thumb\libstdc++.a(eh_exception.o)
 .text          0x02006b3c        0x0 c:/devkitpro/devkitarm/bin/../lib/gcc/arm-none-eabi/4.9.2/../../../../arm-none-eabi/lib/thumb\libstdc++.a(si_class_type_info.o)
 .text          0x02006b3c        0x0 c:/devkitpro/devkitarm/bin/../lib/gcc/arm-none-eabi/4.9.2/../../../../arm-none-eabi/lib/thumb\libstdc++.a(eh_call.o)
 .text          0x02006b3c        0x0 c:/devkitpro/devkitarm/bin/../lib/gcc/arm-none-eabi/4.9.2/../../../../arm-none-eabi/lib/thumb\libstdc++.a(eh_globals.o)
 .text          0x02006b3c        0x0 c:/devkitpro/devkitarm/bin/../lib/gcc/arm-none-eabi/4.9.2/../../../../arm-none-eabi/lib/thumb\libstdc++.a(eh_catch.o)
 .text          0x02006b3c        0x0 c:/devkitpro/devkitarm/bin/../lib/gcc/arm-none-eabi/4.9.2/../../../../arm-none-eabi/lib/thumb\libstdc++.a(tinfo.o)
 .text          0x02006b3c        0x0 c:/devkitpro/devkitarm/bin/../lib/gcc/arm-none-eabi/4.9.2/../../../../arm-none-eabi/lib/thumb\libstdc++.a(pure.o)
 .text          0x02006b3c        0x0 c:/devkitpro/devkitarm/bin/../lib/gcc/arm-none-eabi/4.9.2/../../../../arm-none-eabi/lib/thumb\libstdc++.a(eh_personality.o)
 .text          0x02006b3c        0x0 c:/devkitpro/devkitarm/bin/../lib/gcc/arm-none-eabi/4.9.2/../../../../arm-none-eabi/lib/thumb\libstdc++.a(class_type_info.o)
 .text          0x02006b3c        0x0 c:/devkitpro/devkitarm/bin/../lib/gcc/arm-none-eabi/4.9.2/../../../../arm-none-eabi/lib/thumb\libstdc++.a(eh_term_handler.o)
 .text          0x02006b3c        0x0 c:/devkitpro/devkitarm/bin/../lib/gcc/arm-none-eabi/4.9.2/../../../../arm-none-eabi/lib/thumb\libstdc++.a(vterminate.o)
 .text          0x02006b3c        0x0 c:/devkitpro/devkitarm/bin/../lib/gcc/arm-none-eabi/4.9.2/../../../../arm-none-eabi/lib/thumb\libstdc++.a(eh_type.o)
 .text          0x02006b3c     0x90cc c:/devkitpro/devkitarm/bin/../lib/gcc/arm-none-eabi/4.9.2/../../../../arm-none-eabi/lib/thumb\libstdc++.a(cp-demangle.o)
                0x0200fb08                __cxa_demangle
                0x0200fbe0                __gcclibcxx_demangle_callback
 .text          0x0200fc08        0x0 c:/devkitpro/devkitarm/bin/../lib/gcc/arm-none-eabi/4.9.2/../../../../arm-none-eabi/lib/thumb\libm.a(lib_a-s_cos.o)
 .text          0x0200fc08        0x0 c:/devkitpro/devkitarm/bin/../lib/gcc/arm-none-eabi/4.9.2/../../../../arm-none-eabi/lib/thumb\libm.a(lib_a-s_sin.o)
 .text          0x0200fc08        0x0 c:/devkitpro/devkitarm/bin/../lib/gcc/arm-none-eabi/4.9.2/../../../../arm-none-eabi/lib/thumb\libm.a(lib_a-w_atan2.o)
 .text          0x0200fc08        0x0 c:/devkitpro/devkitarm/bin/../lib/gcc/arm-none-eabi/4.9.2/../../../../arm-none-eabi/lib/thumb\libm.a(lib_a-w_sqrt.o)
 .text          0x0200fc08        0x0 c:/devkitpro/devkitarm/bin/../lib/gcc/arm-none-eabi/4.9.2/../../../../arm-none-eabi/lib/thumb\libm.a(lib_a-e_atan2.o)
 .text          0x0200fc08        0x0 c:/devkitpro/devkitarm/bin/../lib/gcc/arm-none-eabi/4.9.2/../../../../arm-none-eabi/lib/thumb\libm.a(lib_a-e_rem_pio2.o)
 .text          0x0200fc08        0x0 c:/devkitpro/devkitarm/bin/../lib/gcc/arm-none-eabi/4.9.2/../../../../arm-none-eabi/lib/thumb\libm.a(lib_a-e_sqrt.o)
 .text          0x0200fc08        0x0 c:/devkitpro/devkitarm/bin/../lib/gcc/arm-none-eabi/4.9.2/../../../../arm-none-eabi/lib/thumb\libm.a(lib_a-k_cos.o)
 .text          0x0200fc08        0x0 c:/devkitpro/devkitarm/bin/../lib/gcc/arm-none-eabi/4.9.2/../../../../arm-none-eabi/lib/thumb\libm.a(lib_a-k_rem_pio2.o)
 .text          0x0200fc08        0x0 c:/devkitpro/devkitarm/bin/../lib/gcc/arm-none-eabi/4.9.2/../../../../arm-none-eabi/lib/thumb\libm.a(lib_a-k_sin.o)
 .text          0x0200fc08        0x0 c:/devkitpro/devkitarm/bin/../lib/gcc/arm-none-eabi/4.9.2/../../../../arm-none-eabi/lib/thumb\libm.a(lib_a-s_atan.o)
 .text          0x0200fc08        0x0 c:/devkitpro/devkitarm/bin/../lib/gcc/arm-none-eabi/4.9.2/../../../../arm-none-eabi/lib/thumb\libm.a(lib_a-s_fabs.o)
 .text          0x0200fc08        0x0 c:/devkitpro/devkitarm/bin/../lib/gcc/arm-none-eabi/4.9.2/../../../../arm-none-eabi/lib/thumb\libm.a(lib_a-s_floor.o)
 .text          0x0200fc08        0x0 c:/devkitpro/devkitarm/bin/../lib/gcc/arm-none-eabi/4.9.2/../../../../arm-none-eabi/lib/thumb\libm.a(lib_a-s_fpclassify.o)
 .text          0x0200fc08        0x0 c:/devkitpro/devkitarm/bin/../lib/gcc/arm-none-eabi/4.9.2/../../../../arm-none-eabi/lib/thumb\libm.a(lib_a-s_lib_ver.o)
 .text          0x0200fc08        0x0 c:/devkitpro/devkitarm/bin/../lib/gcc/arm-none-eabi/4.9.2/../../../../arm-none-eabi/lib/thumb\libm.a(lib_a-s_matherr.o)
 .text          0x0200fc08        0x0 c:/devkitpro/devkitarm/bin/../lib/gcc/arm-none-eabi/4.9.2/../../../../arm-none-eabi/lib/thumb\libm.a(lib_a-s_scalbn.o)
 .text          0x0200fc08        0x0 c:/devkitpro/devkitarm/bin/../lib/gcc/arm-none-eabi/4.9.2/../../../../arm-none-eabi/lib/thumb\libm.a(lib_a-s_copysign.o)
 .text          0x0200fc08      0x11c c:/devkitpro/devkitarm/bin/../lib/gcc/arm-none-eabi/4.9.2/thumb\libgcc.a(_udivsi3.o)
                0x0200fc08                __aeabi_uidiv
                0x0200fc08                __udivsi3
                0x0200fd04                __aeabi_uidivmod
 .text          0x0200fd24      0x150 c:/devkitpro/devkitarm/bin/../lib/gcc/arm-none-eabi/4.9.2/thumb\libgcc.a(_divsi3.o)
                0x0200fd24                __divsi3
                0x0200fd24                __aeabi_idiv
                0x0200fe54                __aeabi_idivmod
 .text          0x0200fe74        0x4 c:/devkitpro/devkitarm/bin/../lib/gcc/arm-none-eabi/4.9.2/thumb\libgcc.a(_dvmd_tls.o)
                0x0200fe74                __aeabi_idiv0
                0x0200fe74                __aeabi_ldiv0
 .text          0x0200fe78      0x41c c:/devkitpro/devkitarm/bin/../lib/gcc/arm-none-eabi/4.9.2/thumb\libgcc.a(_arm_addsubdf3.o)
                0x0200fe78                __aeabi_drsub
                0x0200fe80                __aeabi_dsub
                0x0200fe80                __subdf3
                0x0200fe84                __aeabi_dadd
                0x0200fe84                __adddf3
                0x02010194                __floatunsidf
                0x02010194                __aeabi_ui2d
                0x020101b8                __floatsidf
                0x020101b8                __aeabi_i2d
                0x020101e0                __aeabi_f2d
                0x020101e0                __extendsfdf2
                0x02010220                __floatundidf
                0x02010220                __aeabi_ul2d
                0x02010234                __floatdidf
                0x02010234                __aeabi_l2d
 .text          0x02010294      0x49c c:/devkitpro/devkitarm/bin/../lib/gcc/arm-none-eabi/4.9.2/thumb\libgcc.a(_arm_muldivdf3.o)
                0x02010294                __aeabi_dmul
                0x02010294                __muldf3
                0x02010524                __divdf3
                0x02010524                __aeabi_ddiv
 .text          0x02010730      0x144 c:/devkitpro/devkitarm/bin/../lib/gcc/arm-none-eabi/4.9.2/thumb\libgcc.a(_arm_cmpdf2.o)
                0x02010730                __gtdf2
                0x02010730                __gedf2
                0x02010738                __ltdf2
                0x02010738                __ledf2
                0x02010740                __nedf2
                0x02010740                __eqdf2
                0x02010740                __cmpdf2
                0x020107c8                __aeabi_cdrcmple
                0x020107e4                __aeabi_cdcmpeq
                0x020107e4                __aeabi_cdcmple
                0x020107fc                __aeabi_dcmpeq
                0x02010814                __aeabi_dcmplt
                0x0201082c                __aeabi_dcmple
                0x02010844                __aeabi_dcmpge
                0x0201085c                __aeabi_dcmpgt
 .text          0x02010874       0x5c c:/devkitpro/devkitarm/bin/../lib/gcc/arm-none-eabi/4.9.2/thumb\libgcc.a(_arm_fixdfsi.o)
                0x02010874                __aeabi_d2iz
                0x02010874                __fixdfsi
 .text          0x020108d0       0xa0 c:/devkitpro/devkitarm/bin/../lib/gcc/arm-none-eabi/4.9.2/thumb\libgcc.a(_arm_truncdfsf2.o)
                0x020108d0                __truncdfsf2
                0x020108d0                __aeabi_d2f
 .text          0x02010970      0x2ac c:/devkitpro/devkitarm/bin/../lib/gcc/arm-none-eabi/4.9.2/thumb\libgcc.a(_arm_addsubsf3.o)
                0x02010970                __aeabi_frsub
                0x02010978                __subsf3
                0x02010978                __aeabi_fsub
                0x0201097c                __aeabi_fadd
                0x0201097c                __addsf3
                0x02010b38                __aeabi_ui2f
                0x02010b38                __floatunsisf
                0x02010b40                __aeabi_i2f
                0x02010b40                __floatsisf
                0x02010b60                __aeabi_ul2f
                0x02010b60                __floatundisf
                0x02010b70                __aeabi_l2f
                0x02010b70                __floatdisf
 .text          0x02010c1c      0x2f8 c:/devkitpro/devkitarm/bin/../lib/gcc/arm-none-eabi/4.9.2/thumb\libgcc.a(_arm_muldivsf3.o)
                0x02010c1c                __mulsf3
                0x02010c1c                __aeabi_fmul
                0x02010db4                __aeabi_fdiv
                0x02010db4                __divsf3
 .text          0x02010f14      0x114 c:/devkitpro/devkitarm/bin/../lib/gcc/arm-none-eabi/4.9.2/thumb\libgcc.a(_arm_cmpsf2.o)
                0x02010f14                __gesf2
                0x02010f14                __gtsf2
                0x02010f1c                __lesf2
                0x02010f1c                __ltsf2
                0x02010f24                __nesf2
                0x02010f24                __eqsf2
                0x02010f24                __cmpsf2
                0x02010f88                __aeabi_cfrcmple
                0x02010f98                __aeabi_cfcmpeq
                0x02010f98                __aeabi_cfcmple
                0x02010fb0                __aeabi_fcmpeq
                0x02010fc8                __aeabi_fcmplt
                0x02010fe0                __aeabi_fcmple
                0x02010ff8                __aeabi_fcmpge
                0x02011010                __aeabi_fcmpgt
 .text          0x02011028       0x5c c:/devkitpro/devkitarm/bin/../lib/gcc/arm-none-eabi/4.9.2/thumb\libgcc.a(_arm_fixsfsi.o)
                0x02011028                __aeabi_f2iz
                0x02011028                __fixsfsi
 .text          0x02011084      0xb68 c:/devkitpro/devkitarm/bin/../lib/gcc/arm-none-eabi/4.9.2/thumb\libgcc.a(unwind-arm.o)
                0x02011384                _Unwind_GetCFA
                0x02011388                __gnu_Unwind_RaiseException
                0x020113e4                __gnu_Unwind_ForcedUnwind
                0x020113fc                __gnu_Unwind_Resume
                0x02011444                __gnu_Unwind_Resume_or_Rethrow
                0x02011464                _Unwind_Complete
                0x02011468                _Unwind_DeleteException
                0x02011480                _Unwind_VRS_Get
                0x020114d0                _Unwind_VRS_Set
                0x02011520                __gnu_Unwind_Backtrace
                0x020118b4                __aeabi_unwind_cpp_pr0
                0x020118c4                __aeabi_unwind_cpp_pr1
                0x020118d4                __aeabi_unwind_cpp_pr2
                0x020118e4                _Unwind_VRS_Pop
 .text          0x02011bec      0x1d8 c:/devkitpro/devkitarm/bin/../lib/gcc/arm-none-eabi/4.9.2/thumb\libgcc.a(libunwind.o)
                0x02011bec                __restore_core_regs
                0x02011bec                restore_core_regs
                0x02011c08                __gnu_Unwind_Restore_VFP
                0x02011c10                __gnu_Unwind_Save_VFP
                0x02011c18                __gnu_Unwind_Restore_VFP_D
                0x02011c20                __gnu_Unwind_Save_VFP_D
                0x02011c28                __gnu_Unwind_Restore_VFP_D_16_to_31
                0x02011c30                __gnu_Unwind_Save_VFP_D_16_to_31
                0x02011c38                __gnu_Unwind_Restore_WMMXD
                0x02011c7c                __gnu_Unwind_Save_WMMXD
                0x02011cc0                __gnu_Unwind_Restore_WMMXC
                0x02011cd4                __gnu_Unwind_Save_WMMXC
                0x02011ce8                ___Unwind_RaiseException
                0x02011ce8                _Unwind_RaiseException
                0x02011d14                _Unwind_Resume
                0x02011d14                ___Unwind_Resume
                0x02011d40                _Unwind_Resume_or_Rethrow
                0x02011d40                ___Unwind_Resume_or_Rethrow
                0x02011d6c                _Unwind_ForcedUnwind
                0x02011d6c                ___Unwind_ForcedUnwind
                0x02011d98                ___Unwind_Backtrace
                0x02011d98                _Unwind_Backtrace
 .text          0x02011dc4      0x3bc c:/devkitpro/devkitarm/bin/../lib/gcc/arm-none-eabi/4.9.2/thumb\libgcc.a(pr-support.o)
                0x02011e20                __gnu_unwind_execute
                0x0201211c                __gnu_unwind_frame
                0x02012148                _Unwind_GetRegionStart
                0x02012158                _Unwind_GetLanguageSpecificData
                0x02012170                _Unwind_GetDataRelBase
                0x02012178                _Unwind_GetTextRelBase
 .text          0x02012180        0x0 c:/devkitpro/devkitarm/bin/../lib/gcc/arm-none-eabi/4.9.2/../../../../arm-none-eabi/lib/thumb\libg.a(lib_a-abort.o)
 .text          0x02012180        0x0 c:/devkitpro/devkitarm/bin/../lib/gcc/arm-none-eabi/4.9.2/../../../../arm-none-eabi/lib/thumb\libg.a(lib_a-bsearch.o)
 .text          0x02012180        0x0 c:/devkitpro/devkitarm/bin/../lib/gcc/arm-none-eabi/4.9.2/../../../../arm-none-eabi/lib/thumb\libg.a(lib_a-cxa_atexit.o)
 .text          0x02012180        0x0 c:/devkitpro/devkitarm/bin/../lib/gcc/arm-none-eabi/4.9.2/../../../../arm-none-eabi/lib/thumb\libg.a(lib_a-errno.o)
 .text          0x02012180        0x0 c:/devkitpro/devkitarm/bin/../lib/gcc/arm-none-eabi/4.9.2/../../../../arm-none-eabi/lib/thumb\libg.a(lib_a-fclose.o)
 .text          0x02012180        0x0 c:/devkitpro/devkitarm/bin/../lib/gcc/arm-none-eabi/4.9.2/../../../../arm-none-eabi/lib/thumb\libg.a(lib_a-fflush.o)
 .text          0x02012180        0x0 c:/devkitpro/devkitarm/bin/../lib/gcc/arm-none-eabi/4.9.2/../../../../arm-none-eabi/lib/thumb\libg.a(lib_a-findfp.o)
 .text          0x02012180        0x0 c:/devkitpro/devkitarm/bin/../lib/gcc/arm-none-eabi/4.9.2/../../../../arm-none-eabi/lib/thumb\libg.a(lib_a-fopen.o)
 .text          0x02012180        0x0 c:/devkitpro/devkitarm/bin/../lib/gcc/arm-none-eabi/4.9.2/../../../../arm-none-eabi/lib/thumb\libg.a(lib_a-fputc.o)
 .text          0x02012180        0x0 c:/devkitpro/devkitarm/bin/../lib/gcc/arm-none-eabi/4.9.2/../../../../arm-none-eabi/lib/thumb\libg.a(lib_a-fputs.o)
 .text          0x02012180        0x0 c:/devkitpro/devkitarm/bin/../lib/gcc/arm-none-eabi/4.9.2/../../../../arm-none-eabi/lib/thumb\libg.a(lib_a-fread.o)
 .text          0x02012180        0x0 c:/devkitpro/devkitarm/bin/../lib/gcc/arm-none-eabi/4.9.2/../../../../arm-none-eabi/lib/thumb\libg.a(lib_a-freer.o)
 .text          0x02012180        0x0 c:/devkitpro/devkitarm/bin/../lib/gcc/arm-none-eabi/4.9.2/../../../../arm-none-eabi/lib/thumb\libg.a(lib_a-fseek.o)
 .text          0x02012180        0x0 c:/devkitpro/devkitarm/bin/../lib/gcc/arm-none-eabi/4.9.2/../../../../arm-none-eabi/lib/thumb\libg.a(lib_a-fseeko.o)
 .text          0x02012180        0x0 c:/devkitpro/devkitarm/bin/../lib/gcc/arm-none-eabi/4.9.2/../../../../arm-none-eabi/lib/thumb\libg.a(lib_a-fvwrite.o)
 .text          0x02012180        0x0 c:/devkitpro/devkitarm/bin/../lib/gcc/arm-none-eabi/4.9.2/../../../../arm-none-eabi/lib/thumb\libg.a(lib_a-fwalk.o)
 .text          0x02012180        0x0 c:/devkitpro/devkitarm/bin/../lib/gcc/arm-none-eabi/4.9.2/../../../../arm-none-eabi/lib/thumb\libg.a(lib_a-fwrite.o)
 .text          0x02012180        0x0 c:/devkitpro/devkitarm/bin/../lib/gcc/arm-none-eabi/4.9.2/../../../../arm-none-eabi/lib/thumb\libg.a(lib_a-impure.o)
 .text          0x02012180        0x0 c:/devkitpro/devkitarm/bin/../lib/gcc/arm-none-eabi/4.9.2/../../../../arm-none-eabi/lib/thumb\libg.a(lib_a-init.o)
 .text          0x02012180        0x0 c:/devkitpro/devkitarm/bin/../lib/gcc/arm-none-eabi/4.9.2/../../../../arm-none-eabi/lib/thumb\libg.a(lib_a-iprintf.o)
 .text          0x02012180        0x0 c:/devkitpro/devkitarm/bin/../lib/gcc/arm-none-eabi/4.9.2/../../../../arm-none-eabi/lib/thumb\libg.a(lib_a-makebuf.o)
 .text          0x02012180        0x0 c:/devkitpro/devkitarm/bin/../lib/gcc/arm-none-eabi/4.9.2/../../../../arm-none-eabi/lib/thumb\libg.a(lib_a-malloc.o)
 .text          0x02012180        0x0 c:/devkitpro/devkitarm/bin/../lib/gcc/arm-none-eabi/4.9.2/../../../../arm-none-eabi/lib/thumb\libg.a(lib_a-mallocr.o)
 .text          0x02012180        0x0 c:/devkitpro/devkitarm/bin/../lib/gcc/arm-none-eabi/4.9.2/../../../../arm-none-eabi/lib/thumb\libg.a(lib_a-memchr.o)
 .text          0x02012180        0x0 c:/devkitpro/devkitarm/bin/../lib/gcc/arm-none-eabi/4.9.2/../../../../arm-none-eabi/lib/thumb\libg.a(lib_a-memcmp.o)
 .text          0x02012180        0x0 c:/devkitpro/devkitarm/bin/../lib/gcc/arm-none-eabi/4.9.2/../../../../arm-none-eabi/lib/thumb\libg.a(lib_a-memcpy.o)
 .text          0x02012180        0x0 c:/devkitpro/devkitarm/bin/../lib/gcc/arm-none-eabi/4.9.2/../../../../arm-none-eabi/lib/thumb\libg.a(lib_a-memmove.o)
 .text          0x02012180        0x0 c:/devkitpro/devkitarm/bin/../lib/gcc/arm-none-eabi/4.9.2/../../../../arm-none-eabi/lib/thumb\libg.a(lib_a-memset.o)
 .text          0x02012180        0x0 c:/devkitpro/devkitarm/bin/../lib/gcc/arm-none-eabi/4.9.2/../../../../arm-none-eabi/lib/thumb\libg.a(lib_a-mlock.o)
 .text          0x02012180        0x0 c:/devkitpro/devkitarm/bin/../lib/gcc/arm-none-eabi/4.9.2/../../../../arm-none-eabi/lib/thumb\libg.a(lib_a-printf.o)
 .text          0x02012180        0x0 c:/devkitpro/devkitarm/bin/../lib/gcc/arm-none-eabi/4.9.2/../../../../arm-none-eabi/lib/thumb\libg.a(lib_a-putc.o)
 .text          0x02012180        0x0 c:/devkitpro/devkitarm/bin/../lib/gcc/arm-none-eabi/4.9.2/../../../../arm-none-eabi/lib/thumb\libg.a(lib_a-puts.o)
 .text          0x02012180        0x0 c:/devkitpro/devkitarm/bin/../lib/gcc/arm-none-eabi/4.9.2/../../../../arm-none-eabi/lib/thumb\libg.a(lib_a-rand.o)
 .text          0x02012180        0x0 c:/devkitpro/devkitarm/bin/../lib/gcc/arm-none-eabi/4.9.2/../../../../arm-none-eabi/lib/thumb\libg.a(lib_a-realloc.o)
 .text          0x02012180        0x0 c:/devkitpro/devkitarm/bin/../lib/gcc/arm-none-eabi/4.9.2/../../../../arm-none-eabi/lib/thumb\libg.a(lib_a-reallocr.o)
 .text          0x02012180        0x0 c:/devkitpro/devkitarm/bin/../lib/gcc/arm-none-eabi/4.9.2/../../../../arm-none-eabi/lib/thumb\libg.a(lib_a-refill.o)
 .text          0x02012180        0x0 c:/devkitpro/devkitarm/bin/../lib/gcc/arm-none-eabi/4.9.2/../../../../arm-none-eabi/lib/thumb\libg.a(lib_a-setvbuf.o)
 .text          0x02012180        0x0 c:/devkitpro/devkitarm/bin/../lib/gcc/arm-none-eabi/4.9.2/../../../../arm-none-eabi/lib/thumb\libg.a(lib_a-signal.o)
 .text          0x02012180        0x0 c:/devkitpro/devkitarm/bin/../lib/gcc/arm-none-eabi/4.9.2/../../../../arm-none-eabi/lib/thumb\libg.a(lib_a-siscanf.o)
 .text          0x02012180        0x0 c:/devkitpro/devkitarm/bin/../lib/gcc/arm-none-eabi/4.9.2/../../../../arm-none-eabi/lib/thumb\libg.a(lib_a-sprintf.o)
 .text          0x02012180        0x0 c:/devkitpro/devkitarm/bin/../lib/gcc/arm-none-eabi/4.9.2/../../../../arm-none-eabi/lib/thumb\libg.a(lib_a-stdio.o)
 .text          0x02012180      0x224 c:/devkitpro/devkitarm/bin/../lib/gcc/arm-none-eabi/4.9.2/../../../../arm-none-eabi/lib/thumb\libg.a(lib_a-strcmp.o)
                0x02012180                strcmp
 .text          0x020123a4        0x0 c:/devkitpro/devkitarm/bin/../lib/gcc/arm-none-eabi/4.9.2/../../../../arm-none-eabi/lib/thumb\libg.a(lib_a-strlen.o)
 .text          0x020123a4        0x0 c:/devkitpro/devkitarm/bin/../lib/gcc/arm-none-eabi/4.9.2/../../../../arm-none-eabi/lib/thumb\libg.a(lib_a-strncmp.o)
 .text          0x020123a4        0x0 c:/devkitpro/devkitarm/bin/../lib/gcc/arm-none-eabi/4.9.2/../../../../arm-none-eabi/lib/thumb\libg.a(lib_a-svfiscanf.o)
 .text          0x020123a4        0x0 c:/devkitpro/devkitarm/bin/../lib/gcc/arm-none-eabi/4.9.2/../../../../arm-none-eabi/lib/thumb\libg.a(lib_a-svfprintf.o)
 .text          0x020123a4        0x0 c:/devkitpro/devkitarm/bin/../lib/gcc/arm-none-eabi/4.9.2/../../../../arm-none-eabi/lib/thumb\libg.a(lib_a-syswrite.o)
 .text          0x020123a4        0x0 c:/devkitpro/devkitarm/bin/../lib/gcc/arm-none-eabi/4.9.2/../../../../arm-none-eabi/lib/thumb\libg.a(lib_a-time.o)
 .text          0x020123a4        0x0 c:/devkitpro/devkitarm/bin/../lib/gcc/arm-none-eabi/4.9.2/../../../../arm-none-eabi/lib/thumb\libg.a(lib_a-ungetc.o)
 .text          0x020123a4        0x0 c:/devkitpro/devkitarm/bin/../lib/gcc/arm-none-eabi/4.9.2/../../../../arm-none-eabi/lib/thumb\libg.a(lib_a-vfiprintf.o)
 .text          0x020123a4        0x0 c:/devkitpro/devkitarm/bin/../lib/gcc/arm-none-eabi/4.9.2/../../../../arm-none-eabi/lib/thumb\libg.a(lib_a-vfprintf.o)
 .text          0x020123a4        0x0 c:/devkitpro/devkitarm/bin/../lib/gcc/arm-none-eabi/4.9.2/../../../../arm-none-eabi/lib/thumb\libg.a(lib_a-viprintf.o)
 .text          0x020123a4        0x0 c:/devkitpro/devkitarm/bin/../lib/gcc/arm-none-eabi/4.9.2/../../../../arm-none-eabi/lib/thumb\libg.a(lib_a-wbuf.o)
 .text          0x020123a4        0x0 c:/devkitpro/devkitarm/bin/../lib/gcc/arm-none-eabi/4.9.2/../../../../arm-none-eabi/lib/thumb\libg.a(lib_a-wcrtomb.o)
 .text          0x020123a4        0x0 c:/devkitpro/devkitarm/bin/../lib/gcc/arm-none-eabi/4.9.2/../../../../arm-none-eabi/lib/thumb\libg.a(lib_a-wcsrtombs.o)
 .text          0x020123a4        0x0 c:/devkitpro/devkitarm/bin/../lib/gcc/arm-none-eabi/4.9.2/../../../../arm-none-eabi/lib/thumb\libg.a(lib_a-wctomb_r.o)
 .text          0x020123a4        0x0 c:/devkitpro/devkitarm/bin/../lib/gcc/arm-none-eabi/4.9.2/../../../../arm-none-eabi/lib/thumb\libg.a(lib_a-wsetup.o)
 .text          0x020123a4        0x0 c:/devkitpro/devkitarm/bin/../lib/gcc/arm-none-eabi/4.9.2/../../../../arm-none-eabi/lib/thumb\libg.a(lib_a-__atexit.o)
 .text          0x020123a4        0x0 c:/devkitpro/devkitarm/bin/../lib/gcc/arm-none-eabi/4.9.2/../../../../arm-none-eabi/lib/thumb\libg.a(lib_a-ctype_.o)
 .text          0x020123a4        0x0 c:/devkitpro/devkitarm/bin/../lib/gcc/arm-none-eabi/4.9.2/../../../../arm-none-eabi/lib/thumb\libg.a(lib_a-dtoa.o)
 .text          0x020123a4        0x0 c:/devkitpro/devkitarm/bin/../lib/gcc/arm-none-eabi/4.9.2/../../../../arm-none-eabi/lib/thumb\libg.a(lib_a-flags.o)
 .text          0x020123a4        0x0 c:/devkitpro/devkitarm/bin/../lib/gcc/arm-none-eabi/4.9.2/../../../../arm-none-eabi/lib/thumb\libg.a(lib_a-fputwc.o)
 .text          0x020123a4        0x0 c:/devkitpro/devkitarm/bin/../lib/gcc/arm-none-eabi/4.9.2/../../../../arm-none-eabi/lib/thumb\libg.a(lib_a-iswspace.o)
 .text          0x020123a4        0x0 c:/devkitpro/devkitarm/bin/../lib/gcc/arm-none-eabi/4.9.2/../../../../arm-none-eabi/lib/thumb\libg.a(lib_a-jp2uc.o)
 .text          0x020123a4        0x0 c:/devkitpro/devkitarm/bin/../lib/gcc/arm-none-eabi/4.9.2/../../../../arm-none-eabi/lib/thumb\libg.a(lib_a-locale.o)
 .text          0x020123a4        0x0 c:/devkitpro/devkitarm/bin/../lib/gcc/arm-none-eabi/4.9.2/../../../../arm-none-eabi/lib/thumb\libg.a(lib_a-mbrtowc.o)
 .text          0x020123a4        0x0 c:/devkitpro/devkitarm/bin/../lib/gcc/arm-none-eabi/4.9.2/../../../../arm-none-eabi/lib/thumb\libg.a(lib_a-mbtowc_r.o)
 .text          0x020123a4        0x0 c:/devkitpro/devkitarm/bin/../lib/gcc/arm-none-eabi/4.9.2/../../../../arm-none-eabi/lib/thumb\libg.a(lib_a-mprec.o)
 .text          0x020123a4        0x0 c:/devkitpro/devkitarm/bin/../lib/gcc/arm-none-eabi/4.9.2/../../../../arm-none-eabi/lib/thumb\libg.a(lib_a-sccl.o)
 .text          0x020123a4        0x0 c:/devkitpro/devkitarm/bin/../lib/gcc/arm-none-eabi/4.9.2/../../../../arm-none-eabi/lib/thumb\libg.a(lib_a-s_frexp.o)
 .text          0x020123a4        0x0 c:/devkitpro/devkitarm/bin/../lib/gcc/arm-none-eabi/4.9.2/../../../../arm-none-eabi/lib/thumb\libg.a(lib_a-strcasecmp.o)
 .text          0x020123a4        0x0 c:/devkitpro/devkitarm/bin/../lib/gcc/arm-none-eabi/4.9.2/../../../../arm-none-eabi/lib/thumb\libg.a(lib_a-strcat.o)
 .text          0x020123a4        0x0 c:/devkitpro/devkitarm/bin/../lib/gcc/arm-none-eabi/4.9.2/../../../../arm-none-eabi/lib/thumb\libg.a(lib_a-strchr.o)
 .text          0x020123a4        0x0 c:/devkitpro/devkitarm/bin/../lib/gcc/arm-none-eabi/4.9.2/../../../../arm-none-eabi/lib/thumb\libg.a(lib_a-strcpy.o)
 .text          0x020123a4        0x0 c:/devkitpro/devkitarm/bin/../lib/gcc/arm-none-eabi/4.9.2/../../../../arm-none-eabi/lib/thumb\libg.a(lib_a-strlcpy.o)
 .text          0x020123a4        0x0 c:/devkitpro/devkitarm/bin/../lib/gcc/arm-none-eabi/4.9.2/../../../../arm-none-eabi/lib/thumb\libg.a(lib_a-strncasecmp.o)
 .text          0x020123a4        0x0 c:/devkitpro/devkitarm/bin/../lib/gcc/arm-none-eabi/4.9.2/../../../../arm-none-eabi/lib/thumb\libg.a(lib_a-strncpy.o)
 .text          0x020123a4        0x0 c:/devkitpro/devkitarm/bin/../lib/gcc/arm-none-eabi/4.9.2/../../../../arm-none-eabi/lib/thumb\libg.a(lib_a-strtoll_r.o)
 .text          0x020123a4        0x0 c:/devkitpro/devkitarm/bin/../lib/gcc/arm-none-eabi/4.9.2/../../../../arm-none-eabi/lib/thumb\libg.a(lib_a-strtol.o)
 .text          0x020123a4        0x0 c:/devkitpro/devkitarm/bin/../lib/gcc/arm-none-eabi/4.9.2/../../../../arm-none-eabi/lib/thumb\libg.a(lib_a-strtoull_r.o)
 .text          0x020123a4        0x0 c:/devkitpro/devkitarm/bin/../lib/gcc/arm-none-eabi/4.9.2/../../../../arm-none-eabi/lib/thumb\libg.a(lib_a-strtoul.o)
 .text          0x020123a4        0x0 c:/devkitpro/devkitarm/bin/../lib/gcc/arm-none-eabi/4.9.2/../../../../arm-none-eabi/lib/thumb\libg.a(lib_a-svfiprintf.o)
 .text          0x020123a4        0x0 c:/devkitpro/devkitarm/bin/../lib/gcc/arm-none-eabi/4.9.2/../../../../arm-none-eabi/lib/thumb\libg.a(lib_a-wcsnrtombs.o)
 .text          0x020123a4        0x0 c:/devkitpro/devkitarm/bin/../lib/gcc/arm-none-eabi/4.9.2/../../../../arm-none-eabi/lib/thumb\libg.a(lib_a-callocr.o)
 .text          0x020123a4        0x0 c:/devkitpro/devkitarm/bin/../lib/gcc/arm-none-eabi/4.9.2/../../../../arm-none-eabi/lib/thumb\libg.a(lib_a-getenv_r.o)
 .text          0x020123a4        0x0 c:/devkitpro/devkitarm/bin/../lib/gcc/arm-none-eabi/4.9.2/../../../../arm-none-eabi/lib/thumb\libg.a(lib_a-environ.o)
 .text          0x020123a4        0x0 c:/devkitpro/devkitarm/bin/../lib/gcc/arm-none-eabi/4.9.2/../../../../arm-none-eabi/lib/thumb\libg.a(lib_a-envlock.o)
 .text          0x020123a4      0x140 c:/devkitpro/devkitarm/bin/../lib/gcc/arm-none-eabi/4.9.2/../../../../arm-none-eabi/lib/thumb\libsysbase.a(iosupport.o)
                0x020123a4                setDefaultDevice
                0x020123b4                FindDevice
                0x02012424                RemoveDevice
                0x02012448                AddDevice
                0x020124c4                GetDeviceOpTab
 .text          0x020124e4       0x54 c:/devkitpro/devkitarm/bin/../lib/gcc/arm-none-eabi/4.9.2/../../../../arm-none-eabi/lib/thumb\libsysbase.a(close.o)
                0x020124e4                _close_r
 .text          0x02012538       0x44 c:/devkitpro/devkitarm/bin/../lib/gcc/arm-none-eabi/4.9.2/../../../../arm-none-eabi/lib/thumb\libsysbase.a(fstat.o)
                0x02012538                _fstat_r
 .text          0x0201257c        0xc c:/devkitpro/devkitarm/bin/../lib/gcc/arm-none-eabi/4.9.2/../../../../arm-none-eabi/lib/thumb\libsysbase.a(getpid.o)
                0x0201257c                _getpid_r
 .text          0x02012588       0x28 c:/devkitpro/devkitarm/bin/../lib/gcc/arm-none-eabi/4.9.2/../../../../arm-none-eabi/lib/thumb\libsysbase.a(gettod.o)
                0x02012588                _gettimeofday_r
 .text          0x020125b0        0x4 c:/devkitpro/devkitarm/bin/../lib/gcc/arm-none-eabi/4.9.2/../../../../arm-none-eabi/lib/thumb\libsysbase.a(isatty.o)
                0x020125b0                _isatty_r
 .text          0x020125b4        0xc c:/devkitpro/devkitarm/bin/../lib/gcc/arm-none-eabi/4.9.2/../../../../arm-none-eabi/lib/thumb\libsysbase.a(kill.o)
                0x020125b4                _kill_r
 .text          0x020125c0       0x48 c:/devkitpro/devkitarm/bin/../lib/gcc/arm-none-eabi/4.9.2/../../../../arm-none-eabi/lib/thumb\libsysbase.a(lseek.o)
                0x020125c0                _lseek_r
 .text          0x02012608       0xa0 c:/devkitpro/devkitarm/bin/../lib/gcc/arm-none-eabi/4.9.2/../../../../arm-none-eabi/lib/thumb\libsysbase.a(open.o)
                0x02012608                _open_r
 .text          0x020126a8       0x48 c:/devkitpro/devkitarm/bin/../lib/gcc/arm-none-eabi/4.9.2/../../../../arm-none-eabi/lib/thumb\libsysbase.a(read.o)
                0x020126a8                _read_r
 .text          0x020126f0       0x54 c:/devkitpro/devkitarm/bin/../lib/gcc/arm-none-eabi/4.9.2/../../../../arm-none-eabi/lib/thumb\libsysbase.a(sbrk.o)
                0x020126f0                _sbrk_r
 .text          0x02012744       0x48 c:/devkitpro/devkitarm/bin/../lib/gcc/arm-none-eabi/4.9.2/../../../../arm-none-eabi/lib/thumb\libsysbase.a(write.o)
                0x02012744                _write_r
 .text          0x0201278c       0x18 c:/devkitpro/devkitarm/bin/../lib/gcc/arm-none-eabi/4.9.2/../../../../arm-none-eabi/lib/thumb\libsysbase.a(_exit.o)
                0x0201278c                _exit
 .text          0x020127a4        0x0 c:/devkitpro/devkitarm/bin/../lib/gcc/arm-none-eabi/4.9.2/../../../../arm-none-eabi/lib/thumb\libsysbase.a(malloc_vars.o)
 .text          0x020127a4       0x50 c:/devkitpro/devkitarm/bin/../lib/gcc/arm-none-eabi/4.9.2/../../../../arm-none-eabi/lib/thumb\libsysbase.a(build_argv.o)
                0x020127a4                build_argv
 .text          0x020127f4        0x8 c:/devkitpro/devkitarm/bin/../lib/gcc/arm-none-eabi/4.9.2/../../../../arm-none-eabi/lib/thumb\libsysbase.a(flock.o)
                0x020127f4                __flockfile
                0x020127f8                __funlockfile
 .text          0x020127fc      0x104 c:/devkitpro/devkitarm/bin/../lib/gcc/arm-none-eabi/4.9.2/../../../../arm-none-eabi/lib/thumb\libsysbase.a(syscall_support.o)
                0x020127fc                __libc_lock_init
                0x02012814                __libc_lock_acquire
                0x0201282c                __libc_lock_try_acquire
                0x0201284c                __libc_lock_release
                0x02012864                __libc_lock_close
                0x0201287c                __libc_lock_init_recursive
                0x02012894                __libc_lock_acquire_recursive
                0x020128ac                __libc_lock_try_acquire_recursive
                0x020128cc                __libc_lock_release_recursive
                0x020128e4                __libc_lock_close_recursive
 .text          0x02012900      0x1a4 c:/devkitpro/devkitarm/bin/../lib/gcc/arm-none-eabi/4.9.2/../../../../arm-none-eabi/lib/thumb\libsysbase.a(handle_manager.o)
                0x02012900                __free_handle
                0x02012934                __release_handle
                0x0201295c                __alloc_handle
                0x020129a0                __get_handle
                0x020129bc                dup
                0x02012a14                dup2
 .text          0x02012aa4       0x28 c:/devkitpro/devkitarm/bin/../lib/gcc/arm-none-eabi/4.9.2/../../../../arm-none-eabi/lib/thumb\libsysbase.a(getreent.o)
                0x02012aa4                __getreent
 .text          0x02012acc       0x3c c:/devkitpro/devkitarm/bin/../lib/gcc/arm-none-eabi/4.9.2/thumb\libgcc.a(_aeabi_uldivmod.o)
                0x02012acc                __aeabi_uldivmod
 .text          0x02012b08       0x60 c:/devkitpro/devkitarm/bin/../lib/gcc/arm-none-eabi/4.9.2/thumb\libgcc.a(_muldi3.o)
                0x02012b08                __muldi3
                0x02012b08                __aeabi_lmul
 .text          0x02012b68       0x74 c:/devkitpro/devkitarm/bin/../lib/gcc/arm-none-eabi/4.9.2/thumb\libgcc.a(bpabi.o)
                0x02012b68                __gnu_ldivmod_helper
                0x02012ba4                __gnu_uldivmod_helper
 .text          0x02012bdc      0x1f4 c:/devkitpro/devkitarm/bin/../lib/gcc/arm-none-eabi/4.9.2/thumb\libgcc.a(_divdi3.o)
                0x02012bdc                __divdi3
 .text          0x02012dd0      0x15c c:/devkitpro/devkitarm/bin/../lib/gcc/arm-none-eabi/4.9.2/thumb\libgcc.a(_udivdi3.o)
                0x02012dd0                __udivdi3
 .text          0x02012f2c       0x28 c:/devkitpro/devkitarm/bin/../lib/gcc/arm-none-eabi/4.9.2/thumb\libgcc.a(_clzdi2.o)
                0x02012f2c                __clzdi2
 .text          0x02012f54       0x48 c:/devkitpro/devkitarm/bin/../lib/gcc/arm-none-eabi/4.9.2/thumb\libgcc.a(_clzsi2.o)
                0x02012f54                __clzsi2
 .text          0x02012f9c        0x0 c:/devkitpro/devkitarm/bin/../lib/gcc/arm-none-eabi/4.9.2/thumb/crtend.o
 .text          0x02012f9c        0x0 c:/devkitpro/devkitarm/bin/../lib/gcc/arm-none-eabi/4.9.2/thumb/crtn.o
 *(.text.*)
 .text._ZNSt6vectorIP5shellSaIS1_EE13_M_insert_auxEN9__gnu_cxx17__normal_iteratorIPS1_S3_EERKS1_
                0x02012f9c       0xd8 enemy.o
                0x02012f9c                std::vector<shell*, std::allocator<shell*> >::_M_insert_aux(__gnu_cxx::__normal_iterator<shell**, std::vector<shell*, std::allocator<shell*> > >, shell* const&)
 .text._ZNSt6vectorIP5shellSaIS1_EED2Ev
                0x02013074       0x14 main.o
                0x02013074                std::vector<shell*, std::allocator<shell*> >::~vector()
                0x02013074                std::vector<shell*, std::allocator<shell*> >::~vector()
 .text._ZNSt6vectorIPtSaIS0_EED2Ev
                0x02013088       0x14 main.o
                0x02013088                std::vector<unsigned short*, std::allocator<unsigned short*> >::~vector()
                0x02013088                std::vector<unsigned short*, std::allocator<unsigned short*> >::~vector()
 .text._ZNSt6vectorIPtSaIS0_EE13_M_insert_auxEN9__gnu_cxx17__normal_iteratorIPS0_S2_EERKS0_
                0x0201309c       0xd8 main.o
                0x0201309c                std::vector<unsigned short*, std::allocator<unsigned short*> >::_M_insert_aux(__gnu_cxx::__normal_iterator<unsigned short**, std::vector<unsigned short*, std::allocator<unsigned short*> > >, unsigned short* const&)
 .text._ZNSt6vectorIP5shellSaIS1_EE8_M_eraseEN9__gnu_cxx17__normal_iteratorIPS1_S3_EE
                0x02013174       0x28 main.o
                0x02013174                std::vector<shell*, std::allocator<shell*> >::_M_erase(__gnu_cxx::__normal_iterator<shell**, std::vector<shell*, std::allocator<shell*> > >)
 .text.startup  0x0201319c      0x264 main.o
                0x0201319c                main
 .text._ZdlPv   0x02013400        0xc c:/devkitpro/devkitarm/bin/../lib/gcc/arm-none-eabi/4.9.2/../../../../arm-none-eabi/lib/thumb\libstdc++.a(del_op.o)
                0x02013400                operator delete(void*)
 .text._Znwj    0x0201340c       0x48 c:/devkitpro/devkitarm/bin/../lib/gcc/arm-none-eabi/4.9.2/../../../../arm-none-eabi/lib/thumb\libstdc++.a(new_op.o)
                0x0201340c                operator new(unsigned int)
 .text.__aeabi_atexit
                0x02013454       0x14 c:/devkitpro/devkitarm/bin/../lib/gcc/arm-none-eabi/4.9.2/../../../../arm-none-eabi/lib/thumb\libstdc++.a(atexit_arm.o)
                0x02013454                __aeabi_atexit
 .text.__cxa_allocate_exception
                0x02013468       0x5c c:/devkitpro/devkitarm/bin/../lib/gcc/arm-none-eabi/4.9.2/../../../../arm-none-eabi/lib/thumb\libstdc++.a(eh_alloc.o)
                0x02013468                __cxa_allocate_exception
 .text.__cxa_free_exception
                0x020134c4       0x3c c:/devkitpro/devkitarm/bin/../lib/gcc/arm-none-eabi/4.9.2/../../../../arm-none-eabi/lib/thumb\libstdc++.a(eh_alloc.o)
                0x020134c4                __cxa_free_exception
 .text.__cxa_allocate_dependent_exception
                0x02013500       0x54 c:/devkitpro/devkitarm/bin/../lib/gcc/arm-none-eabi/4.9.2/../../../../arm-none-eabi/lib/thumb\libstdc++.a(eh_alloc.o)
                0x02013500                __cxa_allocate_dependent_exception
 .text.__cxa_free_dependent_exception
                0x02013554       0x3c c:/devkitpro/devkitarm/bin/../lib/gcc/arm-none-eabi/4.9.2/../../../../arm-none-eabi/lib/thumb\libstdc++.a(eh_alloc.o)
                0x02013554                __cxa_free_dependent_exception
 .text._ZSt15set_new_handlerPFvvE
                0x02013590       0x10 c:/devkitpro/devkitarm/bin/../lib/gcc/arm-none-eabi/4.9.2/../../../../arm-none-eabi/lib/thumb\libstdc++.a(new_handler.o)
                0x02013590                std::set_new_handler(void (*)())
 .text._ZSt15get_new_handlerv
                0x020135a0        0xc c:/devkitpro/devkitarm/bin/../lib/gcc/arm-none-eabi/4.9.2/../../../../arm-none-eabi/lib/thumb\libstdc++.a(new_handler.o)
                0x020135a0                std::get_new_handler()
 .text._ZN10__cxxabiv111__terminateEPFvvE
                0x020135ac       0x2c c:/devkitpro/devkitarm/bin/../lib/gcc/arm-none-eabi/4.9.2/../../../../arm-none-eabi/lib/thumb\libstdc++.a(eh_terminate.o)
                0x020135ac                __cxxabiv1::__terminate(void (*)())
 .text._ZSt9terminatev
                0x020135d8       0x10 c:/devkitpro/devkitarm/bin/../lib/gcc/arm-none-eabi/4.9.2/../../../../arm-none-eabi/lib/thumb\libstdc++.a(eh_terminate.o)
                0x020135d8                std::terminate()
 .text._ZN10__cxxabiv112__unexpectedEPFvvE
                0x020135e8        0xc c:/devkitpro/devkitarm/bin/../lib/gcc/arm-none-eabi/4.9.2/../../../../arm-none-eabi/lib/thumb\libstdc++.a(eh_terminate.o)
                0x020135e8                __cxxabiv1::__unexpected(void (*)())
 .text._ZSt10unexpectedv
                0x020135f4       0x10 c:/devkitpro/devkitarm/bin/../lib/gcc/arm-none-eabi/4.9.2/../../../../arm-none-eabi/lib/thumb\libstdc++.a(eh_terminate.o)
                0x020135f4                std::unexpected()
 .text._ZSt13set_terminatePFvvE
                0x02013604       0x10 c:/devkitpro/devkitarm/bin/../lib/gcc/arm-none-eabi/4.9.2/../../../../arm-none-eabi/lib/thumb\libstdc++.a(eh_terminate.o)
                0x02013604                std::set_terminate(void (*)())
 .text._ZSt13get_terminatev
                0x02013614        0xc c:/devkitpro/devkitarm/bin/../lib/gcc/arm-none-eabi/4.9.2/../../../../arm-none-eabi/lib/thumb\libstdc++.a(eh_terminate.o)
                0x02013614                std::get_terminate()
 .text._ZSt14set_unexpectedPFvvE
                0x02013620       0x10 c:/devkitpro/devkitarm/bin/../lib/gcc/arm-none-eabi/4.9.2/../../../../arm-none-eabi/lib/thumb\libstdc++.a(eh_terminate.o)
                0x02013620                std::set_unexpected(void (*)())
 .text._ZSt14get_unexpectedv
                0x02013630        0xc c:/devkitpro/devkitarm/bin/../lib/gcc/arm-none-eabi/4.9.2/../../../../arm-none-eabi/lib/thumb\libstdc++.a(eh_terminate.o)
                0x02013630                std::get_unexpected()
 .text._ZNKSt9bad_alloc4whatEv
                0x0201363c        0x8 c:/devkitpro/devkitarm/bin/../lib/gcc/arm-none-eabi/4.9.2/../../../../arm-none-eabi/lib/thumb\libstdc++.a(bad_alloc.o)
                0x0201363c                std::bad_alloc::what() const
 .text._ZNSt9bad_allocD2Ev
                0x02013644       0x1c c:/devkitpro/devkitarm/bin/../lib/gcc/arm-none-eabi/4.9.2/../../../../arm-none-eabi/lib/thumb\libstdc++.a(bad_alloc.o)
                0x02013644                std::bad_alloc::~bad_alloc()
                0x02013644                std::bad_alloc::~bad_alloc()
 .text._ZNSt9bad_allocD0Ev
                0x02013660       0x20 c:/devkitpro/devkitarm/bin/../lib/gcc/arm-none-eabi/4.9.2/../../../../arm-none-eabi/lib/thumb\libstdc++.a(bad_alloc.o)
                0x02013660                std::bad_alloc::~bad_alloc()
 .text.__cxa_end_cleanup
                0x02013680        0xc c:/devkitpro/devkitarm/bin/../lib/gcc/arm-none-eabi/4.9.2/../../../../arm-none-eabi/lib/thumb\libstdc++.a(eh_arm.o)
                0x02013680                __cxa_end_cleanup
 .text.__cxa_type_match
                0x0201368c       0xd4 c:/devkitpro/devkitarm/bin/../lib/gcc/arm-none-eabi/4.9.2/../../../../arm-none-eabi/lib/thumb\libstdc++.a(eh_arm.o)
                0x0201368c                __cxa_type_match
 .text.__cxa_begin_cleanup
                0x02013760       0x64 c:/devkitpro/devkitarm/bin/../lib/gcc/arm-none-eabi/4.9.2/../../../../arm-none-eabi/lib/thumb\libstdc++.a(eh_arm.o)
                0x02013760                __cxa_begin_cleanup
 .text.__gnu_end_cleanup
                0x020137c4       0x74 c:/devkitpro/devkitarm/bin/../lib/gcc/arm-none-eabi/4.9.2/../../../../arm-none-eabi/lib/thumb\libstdc++.a(eh_arm.o)
                0x020137c4                __gnu_end_cleanup
 .text._ZL23__gxx_exception_cleanup19_Unwind_Reason_CodeP21_Unwind_Control_Block
                0x02013838       0x30 c:/devkitpro/devkitarm/bin/../lib/gcc/arm-none-eabi/4.9.2/../../../../arm-none-eabi/lib/thumb\libstdc++.a(eh_throw.o)
 .text.__cxa_throw
                0x02013868       0x6c c:/devkitpro/devkitarm/bin/../lib/gcc/arm-none-eabi/4.9.2/../../../../arm-none-eabi/lib/thumb\libstdc++.a(eh_throw.o)
                0x02013868                __cxa_throw
 .text.__cxa_rethrow
                0x020138d4       0x74 c:/devkitpro/devkitarm/bin/../lib/gcc/arm-none-eabi/4.9.2/../../../../arm-none-eabi/lib/thumb\libstdc++.a(eh_throw.o)
                0x020138d4                __cxa_rethrow
 .text._ZNSt9exceptionD2Ev
                0x02013948        0x4 c:/devkitpro/devkitarm/bin/../lib/gcc/arm-none-eabi/4.9.2/../../../../arm-none-eabi/lib/thumb\libstdc++.a(eh_exception.o)
                0x02013948                std::exception::~exception()
                0x02013948                std::exception::~exception()
 .text._ZNSt13bad_exceptionD2Ev
                0x0201394c        0x4 c:/devkitpro/devkitarm/bin/../lib/gcc/arm-none-eabi/4.9.2/../../../../arm-none-eabi/lib/thumb\libstdc++.a(eh_exception.o)
                0x0201394c                std::bad_exception::~bad_exception()
                0x0201394c                std::bad_exception::~bad_exception()
 .text._ZNKSt9exception4whatEv
                0x02013950        0x8 c:/devkitpro/devkitarm/bin/../lib/gcc/arm-none-eabi/4.9.2/../../../../arm-none-eabi/lib/thumb\libstdc++.a(eh_exception.o)
                0x02013950                std::exception::what() const
 .text._ZNKSt13bad_exception4whatEv
                0x02013958        0x8 c:/devkitpro/devkitarm/bin/../lib/gcc/arm-none-eabi/4.9.2/../../../../arm-none-eabi/lib/thumb\libstdc++.a(eh_exception.o)
                0x02013958                std::bad_exception::what() const
 .text._ZNSt9exceptionD0Ev
                0x02013960       0x10 c:/devkitpro/devkitarm/bin/../lib/gcc/arm-none-eabi/4.9.2/../../../../arm-none-eabi/lib/thumb\libstdc++.a(eh_exception.o)
                0x02013960                std::exception::~exception()
 .text._ZNSt13bad_exceptionD0Ev
                0x02013970       0x10 c:/devkitpro/devkitarm/bin/../lib/gcc/arm-none-eabi/4.9.2/../../../../arm-none-eabi/lib/thumb\libstdc++.a(eh_exception.o)
                0x02013970                std::bad_exception::~bad_exception()
 .text._ZN10__cxxabiv115__forced_unwindD2Ev
                0x02013980        0x4 c:/devkitpro/devkitarm/bin/../lib/gcc/arm-none-eabi/4.9.2/../../../../arm-none-eabi/lib/thumb\libstdc++.a(eh_exception.o)
                0x02013980                __cxxabiv1::__forced_unwind::~__forced_unwind()
                0x02013980                __cxxabiv1::__forced_unwind::~__forced_unwind()
 .text._ZN10__cxxabiv115__forced_unwindD0Ev
                0x02013984       0x10 c:/devkitpro/devkitarm/bin/../lib/gcc/arm-none-eabi/4.9.2/../../../../arm-none-eabi/lib/thumb\libstdc++.a(eh_exception.o)
                0x02013984                __cxxabiv1::__forced_unwind::~__forced_unwind()
 .text._ZN10__cxxabiv119__foreign_exceptionD2Ev
                0x02013994        0x4 c:/devkitpro/devkitarm/bin/../lib/gcc/arm-none-eabi/4.9.2/../../../../arm-none-eabi/lib/thumb\libstdc++.a(eh_exception.o)
                0x02013994                __cxxabiv1::__foreign_exception::~__foreign_exception()
                0x02013994                __cxxabiv1::__foreign_exception::~__foreign_exception()
 .text._ZN10__cxxabiv119__foreign_exceptionD0Ev
                0x02013998       0x10 c:/devkitpro/devkitarm/bin/../lib/gcc/arm-none-eabi/4.9.2/../../../../arm-none-eabi/lib/thumb\libstdc++.a(eh_exception.o)
                0x02013998                __cxxabiv1::__foreign_exception::~__foreign_exception()
 .text._ZN10__cxxabiv120__si_class_type_infoD2Ev
                0x020139a8       0x1c c:/devkitpro/devkitarm/bin/../lib/gcc/arm-none-eabi/4.9.2/../../../../arm-none-eabi/lib/thumb\libstdc++.a(si_class_type_info.o)
                0x020139a8                __cxxabiv1::__si_class_type_info::~__si_class_type_info()
                0x020139a8                __cxxabiv1::__si_class_type_info::~__si_class_type_info()
 .text._ZN10__cxxabiv120__si_class_type_infoD0Ev
                0x020139c4       0x20 c:/devkitpro/devkitarm/bin/../lib/gcc/arm-none-eabi/4.9.2/../../../../arm-none-eabi/lib/thumb\libstdc++.a(si_class_type_info.o)
                0x020139c4                __cxxabiv1::__si_class_type_info::~__si_class_type_info()
 .text._ZNK10__cxxabiv120__si_class_type_info20__do_find_public_srcEiPKvPKNS_17__class_type_infoES2_
                0x020139e4       0x40 c:/devkitpro/devkitarm/bin/../lib/gcc/arm-none-eabi/4.9.2/../../../../arm-none-eabi/lib/thumb\libstdc++.a(si_class_type_info.o)
                0x020139e4                __cxxabiv1::__si_class_type_info::__do_find_public_src(int, void const*, __cxxabiv1::__class_type_info const*, void const*) const
 .text._ZNK10__cxxabiv120__si_class_type_info12__do_dyncastEiNS_17__class_type_info10__sub_kindEPKS1_PKvS4_S6_RNS1_16__dyncast_resultE
                0x02013a24       0x98 c:/devkitpro/devkitarm/bin/../lib/gcc/arm-none-eabi/4.9.2/../../../../arm-none-eabi/lib/thumb\libstdc++.a(si_class_type_info.o)
                0x02013a24                __cxxabiv1::__si_class_type_info::__do_dyncast(int, __cxxabiv1::__class_type_info::__sub_kind, __cxxabiv1::__class_type_info const*, void const*, __cxxabiv1::__class_type_info const*, void const*, __cxxabiv1::__class_type_info::__dyncast_result&) const
 .text._ZNK10__cxxabiv120__si_class_type_info11__do_upcastEPKNS_17__class_type_infoEPKvRNS1_15__upcast_resultE
                0x02013abc       0x2c c:/devkitpro/devkitarm/bin/../lib/gcc/arm-none-eabi/4.9.2/../../../../arm-none-eabi/lib/thumb\libstdc++.a(si_class_type_info.o)
                0x02013abc                __cxxabiv1::__si_class_type_info::__do_upcast(__cxxabiv1::__class_type_info const*, void const*, __cxxabiv1::__class_type_info::__upcast_result&) const
 .text._ZN10__cxxabiv1L24__is_gxx_exception_classEPc
                0x02013ae8       0x40 c:/devkitpro/devkitarm/bin/../lib/gcc/arm-none-eabi/4.9.2/../../../../arm-none-eabi/lib/thumb\libstdc++.a(eh_call.o)
 .text.__cxa_call_terminate
                0x02013b28       0x20 c:/devkitpro/devkitarm/bin/../lib/gcc/arm-none-eabi/4.9.2/../../../../arm-none-eabi/lib/thumb\libstdc++.a(eh_call.o)
                0x02013b28                __cxa_call_terminate
 .text.__cxa_call_unexpected
                0x02013b48      0x104 c:/devkitpro/devkitarm/bin/../lib/gcc/arm-none-eabi/4.9.2/../../../../arm-none-eabi/lib/thumb\libstdc++.a(eh_call.o)
                0x02013b48                __cxa_call_unexpected
 .text.__cxa_get_globals_fast
                0x02013c4c        0x8 c:/devkitpro/devkitarm/bin/../lib/gcc/arm-none-eabi/4.9.2/../../../../arm-none-eabi/lib/thumb\libstdc++.a(eh_globals.o)
                0x02013c4c                __cxa_get_globals_fast
 .text.__cxa_get_globals
                0x02013c54        0x8 c:/devkitpro/devkitarm/bin/../lib/gcc/arm-none-eabi/4.9.2/../../../../arm-none-eabi/lib/thumb\libstdc++.a(eh_globals.o)
                0x02013c54                __cxa_get_globals
 .text.__cxa_get_exception_ptr
                0x02013c5c        0x4 c:/devkitpro/devkitarm/bin/../lib/gcc/arm-none-eabi/4.9.2/../../../../arm-none-eabi/lib/thumb\libstdc++.a(eh_catch.o)
                0x02013c5c                __cxa_get_exception_ptr
 .text.__cxa_begin_catch
                0x02013c60       0x88 c:/devkitpro/devkitarm/bin/../lib/gcc/arm-none-eabi/4.9.2/../../../../arm-none-eabi/lib/thumb\libstdc++.a(eh_catch.o)
                0x02013c60                __cxa_begin_catch
 .text.__cxa_end_catch
                0x02013ce8       0x94 c:/devkitpro/devkitarm/bin/../lib/gcc/arm-none-eabi/4.9.2/../../../../arm-none-eabi/lib/thumb\libstdc++.a(eh_catch.o)
                0x02013ce8                __cxa_end_catch
 .text._ZSt18uncaught_exceptionv
                0x02013d7c       0x14 c:/devkitpro/devkitarm/bin/../lib/gcc/arm-none-eabi/4.9.2/../../../../arm-none-eabi/lib/thumb\libstdc++.a(eh_catch.o)
                0x02013d7c                std::uncaught_exception()
 .text._ZNSt9type_infoD2Ev
                0x02013d90        0x4 c:/devkitpro/devkitarm/bin/../lib/gcc/arm-none-eabi/4.9.2/../../../../arm-none-eabi/lib/thumb\libstdc++.a(tinfo.o)
                0x02013d90                std::type_info::~type_info()
                0x02013d90                std::type_info::~type_info()
 .text._ZNKSt9type_info14__is_pointer_pEv
                0x02013d94        0x4 c:/devkitpro/devkitarm/bin/../lib/gcc/arm-none-eabi/4.9.2/../../../../arm-none-eabi/lib/thumb\libstdc++.a(tinfo.o)
                0x02013d94                std::type_info::__is_pointer_p() const
 .text._ZNKSt9type_info15__is_function_pEv
                0x02013d98        0x4 c:/devkitpro/devkitarm/bin/../lib/gcc/arm-none-eabi/4.9.2/../../../../arm-none-eabi/lib/thumb\libstdc++.a(tinfo.o)
                0x02013d98                std::type_info::__is_function_p() const
 .text._ZNKSt9type_info11__do_upcastEPKN10__cxxabiv117__class_type_infoEPPv
                0x02013d9c        0x4 c:/devkitpro/devkitarm/bin/../lib/gcc/arm-none-eabi/4.9.2/../../../../arm-none-eabi/lib/thumb\libstdc++.a(tinfo.o)
                0x02013d9c                std::type_info::__do_upcast(__cxxabiv1::__class_type_info const*, void**) const
 .text._ZNSt9type_infoD0Ev
                0x02013da0       0x10 c:/devkitpro/devkitarm/bin/../lib/gcc/arm-none-eabi/4.9.2/../../../../arm-none-eabi/lib/thumb\libstdc++.a(tinfo.o)
                0x02013da0                std::type_info::~type_info()
 .text._ZNKSt9type_infoeqERKS_
                0x02013db0       0x30 c:/devkitpro/devkitarm/bin/../lib/gcc/arm-none-eabi/4.9.2/../../../../arm-none-eabi/lib/thumb\libstdc++.a(tinfo.o)
                0x02013db0                std::type_info::operator==(std::type_info const&) const
 .text._ZNKSt9type_info10__do_catchEPKS_PPvj
                0x02013de0        0xc c:/devkitpro/devkitarm/bin/../lib/gcc/arm-none-eabi/4.9.2/../../../../arm-none-eabi/lib/thumb\libstdc++.a(tinfo.o)
                0x02013de0                std::type_info::__do_catch(std::type_info const*, void**, unsigned int) const
 .text.__cxa_pure_virtual
                0x02013dec       0x14 c:/devkitpro/devkitarm/bin/../lib/gcc/arm-none-eabi/4.9.2/../../../../arm-none-eabi/lib/thumb\libstdc++.a(pure.o)
                0x02013dec                __cxa_pure_virtual
 .text.__cxa_deleted_virtual
                0x02013e00       0x14 c:/devkitpro/devkitarm/bin/../lib/gcc/arm-none-eabi/4.9.2/../../../../arm-none-eabi/lib/thumb\libstdc++.a(pure.o)
                0x02013e00                __cxa_deleted_virtual
 .text._ZL12read_sleb128PKhPl
                0x02013e14       0x34 c:/devkitpro/devkitarm/bin/../lib/gcc/arm-none-eabi/4.9.2/../../../../arm-none-eabi/lib/thumb\libstdc++.a(eh_personality.o)
 .text._ZL28read_encoded_value_with_basehjPKhPj
                0x02013e48       0xe0 c:/devkitpro/devkitarm/bin/../lib/gcc/arm-none-eabi/4.9.2/../../../../arm-none-eabi/lib/thumb\libstdc++.a(eh_personality.o)
 .text._ZL21base_of_encoded_valuehP15_Unwind_Context
                0x02013f28       0x4c c:/devkitpro/devkitarm/bin/../lib/gcc/arm-none-eabi/4.9.2/../../../../arm-none-eabi/lib/thumb\libstdc++.a(eh_personality.o)
 .text._ZL17parse_lsda_headerP15_Unwind_ContextPKhP16lsda_header_info
                0x02013f74       0xa0 c:/devkitpro/devkitarm/bin/../lib/gcc/arm-none-eabi/4.9.2/../../../../arm-none-eabi/lib/thumb\libstdc++.a(eh_personality.o)
 .text.__gxx_personality_v0
                0x02014014      0x418 c:/devkitpro/devkitarm/bin/../lib/gcc/arm-none-eabi/4.9.2/../../../../arm-none-eabi/lib/thumb\libstdc++.a(eh_personality.o)
                0x02014014                __gxx_personality_v0
 .text._ZNK10__cxxabiv117__class_type_info11__do_upcastEPKS0_PPv
                0x0201442c       0x40 c:/devkitpro/devkitarm/bin/../lib/gcc/arm-none-eabi/4.9.2/../../../../arm-none-eabi/lib/thumb\libstdc++.a(class_type_info.o)
                0x0201442c                __cxxabiv1::__class_type_info::__do_upcast(__cxxabiv1::__class_type_info const*, void**) const
 .text._ZNK10__cxxabiv117__class_type_info20__do_find_public_srcEiPKvPKS0_S2_
                0x0201446c       0x10 c:/devkitpro/devkitarm/bin/../lib/gcc/arm-none-eabi/4.9.2/../../../../arm-none-eabi/lib/thumb\libstdc++.a(class_type_info.o)
                0x0201446c                __cxxabiv1::__class_type_info::__do_find_public_src(int, void const*, __cxxabiv1::__class_type_info const*, void const*) const
 .text._ZN10__cxxabiv117__class_type_infoD2Ev
                0x0201447c       0x1c c:/devkitpro/devkitarm/bin/../lib/gcc/arm-none-eabi/4.9.2/../../../../arm-none-eabi/lib/thumb\libstdc++.a(class_type_info.o)
                0x0201447c                __cxxabiv1::__class_type_info::~__class_type_info()
                0x0201447c                __cxxabiv1::__class_type_info::~__class_type_info()
 .text._ZN10__cxxabiv117__class_type_infoD0Ev
                0x02014498       0x20 c:/devkitpro/devkitarm/bin/../lib/gcc/arm-none-eabi/4.9.2/../../../../arm-none-eabi/lib/thumb\libstdc++.a(class_type_info.o)
                0x02014498                __cxxabiv1::__class_type_info::~__class_type_info()
 .text._ZNK10__cxxabiv117__class_type_info11__do_upcastEPKS0_PKvRNS0_15__upcast_resultE
                0x020144b8       0x20 c:/devkitpro/devkitarm/bin/../lib/gcc/arm-none-eabi/4.9.2/../../../../arm-none-eabi/lib/thumb\libstdc++.a(class_type_info.o)
                0x020144b8                __cxxabiv1::__class_type_info::__do_upcast(__cxxabiv1::__class_type_info const*, void const*, __cxxabiv1::__class_type_info::__upcast_result&) const
 .text._ZNK10__cxxabiv117__class_type_info10__do_catchEPKSt9type_infoPPvj
                0x020144d8       0x30 c:/devkitpro/devkitarm/bin/../lib/gcc/arm-none-eabi/4.9.2/../../../../arm-none-eabi/lib/thumb\libstdc++.a(class_type_info.o)
                0x020144d8                __cxxabiv1::__class_type_info::__do_catch(std::type_info const*, void**, unsigned int) const
 .text._ZNK10__cxxabiv117__class_type_info12__do_dyncastEiNS0_10__sub_kindEPKS0_PKvS3_S5_RNS0_16__dyncast_resultE
                0x02014508       0x44 c:/devkitpro/devkitarm/bin/../lib/gcc/arm-none-eabi/4.9.2/../../../../arm-none-eabi/lib/thumb\libstdc++.a(class_type_info.o)
                0x02014508                __cxxabiv1::__class_type_info::__do_dyncast(int, __cxxabiv1::__class_type_info::__sub_kind, __cxxabiv1::__class_type_info const*, void const*, __cxxabiv1::__class_type_info const*, void const*, __cxxabiv1::__class_type_info::__dyncast_result&) const
 .text._ZN9__gnu_cxx27__verbose_terminate_handlerEv
                0x0201454c      0x120 c:/devkitpro/devkitarm/bin/../lib/gcc/arm-none-eabi/4.9.2/../../../../arm-none-eabi/lib/thumb\libstdc++.a(vterminate.o)
                0x0201454c                __gnu_cxx::__verbose_terminate_handler()
 .text.__cxa_current_exception_type
                0x0201466c       0x28 c:/devkitpro/devkitarm/bin/../lib/gcc/arm-none-eabi/4.9.2/../../../../arm-none-eabi/lib/thumb\libstdc++.a(eh_type.o)
                0x0201466c                __cxa_current_exception_type
 *fill*         0x02014694        0x4 ff
 .text.cos      0x02014698       0xa8 c:/devkitpro/devkitarm/bin/../lib/gcc/arm-none-eabi/4.9.2/../../../../arm-none-eabi/lib/thumb\libm.a(lib_a-s_cos.o)
                0x02014698                cos
 .text.sin      0x02014740       0xb0 c:/devkitpro/devkitarm/bin/../lib/gcc/arm-none-eabi/4.9.2/../../../../arm-none-eabi/lib/thumb\libm.a(lib_a-s_sin.o)
                0x02014740                sin
 .text.atan2    0x020147f0        0xc c:/devkitpro/devkitarm/bin/../lib/gcc/arm-none-eabi/4.9.2/../../../../arm-none-eabi/lib/thumb\libm.a(lib_a-w_atan2.o)
                0x020147f0                atan2
 *fill*         0x020147fc        0x4 ff
 .text.sqrt     0x02014800       0xc8 c:/devkitpro/devkitarm/bin/../lib/gcc/arm-none-eabi/4.9.2/../../../../arm-none-eabi/lib/thumb\libm.a(lib_a-w_sqrt.o)
                0x02014800                sqrt
 .text.__ieee754_atan2
                0x020148c8      0x1c8 c:/devkitpro/devkitarm/bin/../lib/gcc/arm-none-eabi/4.9.2/../../../../arm-none-eabi/lib/thumb\libm.a(lib_a-e_atan2.o)
                0x020148c8                __ieee754_atan2
 .text.__ieee754_rem_pio2
                0x02014a90      0x470 c:/devkitpro/devkitarm/bin/../lib/gcc/arm-none-eabi/4.9.2/../../../../arm-none-eabi/lib/thumb\libm.a(lib_a-e_rem_pio2.o)
                0x02014a90                __ieee754_rem_pio2
 .text.__ieee754_sqrt
                0x02014f00      0x1d8 c:/devkitpro/devkitarm/bin/../lib/gcc/arm-none-eabi/4.9.2/../../../../arm-none-eabi/lib/thumb\libm.a(lib_a-e_sqrt.o)
                0x02014f00                __ieee754_sqrt
 .text.__kernel_cos
                0x020150d8      0x250 c:/devkitpro/devkitarm/bin/../lib/gcc/arm-none-eabi/4.9.2/../../../../arm-none-eabi/lib/thumb\libm.a(lib_a-k_cos.o)
                0x020150d8                __kernel_cos
 .text.__kernel_rem_pio2
                0x02015328      0x8b0 c:/devkitpro/devkitarm/bin/../lib/gcc/arm-none-eabi/4.9.2/../../../../arm-none-eabi/lib/thumb\libm.a(lib_a-k_rem_pio2.o)
                0x02015328                __kernel_rem_pio2
 .text.__kernel_sin
                0x02015bd8      0x170 c:/devkitpro/devkitarm/bin/../lib/gcc/arm-none-eabi/4.9.2/../../../../arm-none-eabi/lib/thumb\libm.a(lib_a-k_sin.o)
                0x02015bd8                __kernel_sin
 .text.atan     0x02015d48      0x360 c:/devkitpro/devkitarm/bin/../lib/gcc/arm-none-eabi/4.9.2/../../../../arm-none-eabi/lib/thumb\libm.a(lib_a-s_atan.o)
                0x02015d48                atan
 .text.fabs     0x020160a8        0x8 c:/devkitpro/devkitarm/bin/../lib/gcc/arm-none-eabi/4.9.2/../../../../arm-none-eabi/lib/thumb\libm.a(lib_a-s_fabs.o)
                0x020160a8                fabs
 .text.floor    0x020160b0      0x160 c:/devkitpro/devkitarm/bin/../lib/gcc/arm-none-eabi/4.9.2/../../../../arm-none-eabi/lib/thumb\libm.a(lib_a-s_floor.o)
                0x020160b0                floor
 .text.__fpclassifyd
                0x02016210       0x5c c:/devkitpro/devkitarm/bin/../lib/gcc/arm-none-eabi/4.9.2/../../../../arm-none-eabi/lib/thumb\libm.a(lib_a-s_fpclassify.o)
                0x02016210                __fpclassifyd
 .text.matherr  0x0201626c        0x4 c:/devkitpro/devkitarm/bin/../lib/gcc/arm-none-eabi/4.9.2/../../../../arm-none-eabi/lib/thumb\libm.a(lib_a-s_matherr.o)
                0x0201626c                matherr
 .text.scalbn   0x02016270      0x108 c:/devkitpro/devkitarm/bin/../lib/gcc/arm-none-eabi/4.9.2/../../../../arm-none-eabi/lib/thumb\libm.a(lib_a-s_scalbn.o)
                0x02016270                scalbn
 .text.copysign
                0x02016378       0x14 c:/devkitpro/devkitarm/bin/../lib/gcc/arm-none-eabi/4.9.2/../../../../arm-none-eabi/lib/thumb\libm.a(lib_a-s_copysign.o)
                0x02016378                copysign
 .text.abort    0x0201638c       0x10 c:/devkitpro/devkitarm/bin/../lib/gcc/arm-none-eabi/4.9.2/../../../../arm-none-eabi/lib/thumb\libg.a(lib_a-abort.o)
                0x0201638c                abort
 .text.bsearch  0x0201639c       0x64 c:/devkitpro/devkitarm/bin/../lib/gcc/arm-none-eabi/4.9.2/../../../../arm-none-eabi/lib/thumb\libg.a(lib_a-bsearch.o)
                0x0201639c                bsearch
 .text.__cxa_atexit
                0x02016400       0x18 c:/devkitpro/devkitarm/bin/../lib/gcc/arm-none-eabi/4.9.2/../../../../arm-none-eabi/lib/thumb\libg.a(lib_a-cxa_atexit.o)
                0x02016400                __cxa_atexit
 .text.__errno  0x02016418        0xc c:/devkitpro/devkitarm/bin/../lib/gcc/arm-none-eabi/4.9.2/../../../../arm-none-eabi/lib/thumb\libg.a(lib_a-errno.o)
                0x02016418                __errno
 .text._fclose_r
                0x02016424       0xac c:/devkitpro/devkitarm/bin/../lib/gcc/arm-none-eabi/4.9.2/../../../../arm-none-eabi/lib/thumb\libg.a(lib_a-fclose.o)
                0x02016424                _fclose_r
 .text.fclose   0x020164d0       0x14 c:/devkitpro/devkitarm/bin/../lib/gcc/arm-none-eabi/4.9.2/../../../../arm-none-eabi/lib/thumb\libg.a(lib_a-fclose.o)
                0x020164d0                fclose
 .text.__sflush_r
                0x020164e4      0x168 c:/devkitpro/devkitarm/bin/../lib/gcc/arm-none-eabi/4.9.2/../../../../arm-none-eabi/lib/thumb\libg.a(lib_a-fflush.o)
                0x020164e4                __sflush_r
 .text._fflush_r
                0x0201664c       0x58 c:/devkitpro/devkitarm/bin/../lib/gcc/arm-none-eabi/4.9.2/../../../../arm-none-eabi/lib/thumb\libg.a(lib_a-fflush.o)
                0x0201664c                _fflush_r
 .text.fflush   0x020166a4       0x2c c:/devkitpro/devkitarm/bin/../lib/gcc/arm-none-eabi/4.9.2/../../../../arm-none-eabi/lib/thumb\libg.a(lib_a-fflush.o)
                0x020166a4                fflush
 .text._cleanup_r
                0x020166d0       0x14 c:/devkitpro/devkitarm/bin/../lib/gcc/arm-none-eabi/4.9.2/../../../../arm-none-eabi/lib/thumb\libg.a(lib_a-findfp.o)
                0x020166d0                _cleanup_r
 .text.__fp_lock
                0x020166e4       0x14 c:/devkitpro/devkitarm/bin/../lib/gcc/arm-none-eabi/4.9.2/../../../../arm-none-eabi/lib/thumb\libg.a(lib_a-findfp.o)
 .text.__fp_unlock
                0x020166f8       0x14 c:/devkitpro/devkitarm/bin/../lib/gcc/arm-none-eabi/4.9.2/../../../../arm-none-eabi/lib/thumb\libg.a(lib_a-findfp.o)
 .text.__sinit.part.1
                0x0201670c       0xfc c:/devkitpro/devkitarm/bin/../lib/gcc/arm-none-eabi/4.9.2/../../../../arm-none-eabi/lib/thumb\libg.a(lib_a-findfp.o)
 .text.__sfmoreglue
                0x02016808       0x34 c:/devkitpro/devkitarm/bin/../lib/gcc/arm-none-eabi/4.9.2/../../../../arm-none-eabi/lib/thumb\libg.a(lib_a-findfp.o)
                0x02016808                __sfmoreglue
 .text.__sfp    0x0201683c       0x94 c:/devkitpro/devkitarm/bin/../lib/gcc/arm-none-eabi/4.9.2/../../../../arm-none-eabi/lib/thumb\libg.a(lib_a-findfp.o)
                0x0201683c                __sfp
 .text._cleanup
                0x020168d0       0x1c c:/devkitpro/devkitarm/bin/../lib/gcc/arm-none-eabi/4.9.2/../../../../arm-none-eabi/lib/thumb\libg.a(lib_a-findfp.o)
                0x020168d0                _cleanup
 .text.__sinit  0x020168ec       0x14 c:/devkitpro/devkitarm/bin/../lib/gcc/arm-none-eabi/4.9.2/../../../../arm-none-eabi/lib/thumb\libg.a(lib_a-findfp.o)
                0x020168ec                __sinit
 .text.__sfp_lock_acquire
                0x02016900        0x4 c:/devkitpro/devkitarm/bin/../lib/gcc/arm-none-eabi/4.9.2/../../../../arm-none-eabi/lib/thumb\libg.a(lib_a-findfp.o)
                0x02016900                __sfp_lock_acquire
 .text.__sfp_lock_release
                0x02016904        0x4 c:/devkitpro/devkitarm/bin/../lib/gcc/arm-none-eabi/4.9.2/../../../../arm-none-eabi/lib/thumb\libg.a(lib_a-findfp.o)
                0x02016904                __sfp_lock_release
 .text.__sinit_lock_acquire
                0x02016908        0x4 c:/devkitpro/devkitarm/bin/../lib/gcc/arm-none-eabi/4.9.2/../../../../arm-none-eabi/lib/thumb\libg.a(lib_a-findfp.o)
                0x02016908                __sinit_lock_acquire
 .text.__sinit_lock_release
                0x0201690c        0x4 c:/devkitpro/devkitarm/bin/../lib/gcc/arm-none-eabi/4.9.2/../../../../arm-none-eabi/lib/thumb\libg.a(lib_a-findfp.o)
                0x0201690c                __sinit_lock_release
 .text.__fp_lock_all
                0x02016910       0x18 c:/devkitpro/devkitarm/bin/../lib/gcc/arm-none-eabi/4.9.2/../../../../arm-none-eabi/lib/thumb\libg.a(lib_a-findfp.o)
                0x02016910                __fp_lock_all
 .text.__fp_unlock_all
                0x02016928       0x18 c:/devkitpro/devkitarm/bin/../lib/gcc/arm-none-eabi/4.9.2/../../../../arm-none-eabi/lib/thumb\libg.a(lib_a-findfp.o)
                0x02016928                __fp_unlock_all
 .text._fopen_r
                0x02016940       0xac c:/devkitpro/devkitarm/bin/../lib/gcc/arm-none-eabi/4.9.2/../../../../arm-none-eabi/lib/thumb\libg.a(lib_a-fopen.o)
                0x02016940                _fopen_r
 .text.fopen    0x020169ec       0x18 c:/devkitpro/devkitarm/bin/../lib/gcc/arm-none-eabi/4.9.2/../../../../arm-none-eabi/lib/thumb\libg.a(lib_a-fopen.o)
                0x020169ec                fopen
 .text._fputc_r
                0x02016a04       0x54 c:/devkitpro/devkitarm/bin/../lib/gcc/arm-none-eabi/4.9.2/../../../../arm-none-eabi/lib/thumb\libg.a(lib_a-fputc.o)
                0x02016a04                _fputc_r
 .text.fputc    0x02016a58       0x58 c:/devkitpro/devkitarm/bin/../lib/gcc/arm-none-eabi/4.9.2/../../../../arm-none-eabi/lib/thumb\libg.a(lib_a-fputc.o)
                0x02016a58                fputc
 .text._fputs_r
                0x02016ab0       0x8c c:/devkitpro/devkitarm/bin/../lib/gcc/arm-none-eabi/4.9.2/../../../../arm-none-eabi/lib/thumb\libg.a(lib_a-fputs.o)
                0x02016ab0                _fputs_r
 .text.fputs    0x02016b3c       0x18 c:/devkitpro/devkitarm/bin/../lib/gcc/arm-none-eabi/4.9.2/../../../../arm-none-eabi/lib/thumb\libg.a(lib_a-fputs.o)
                0x02016b3c                fputs
 .text._fread_r
                0x02016b54      0x1d0 c:/devkitpro/devkitarm/bin/../lib/gcc/arm-none-eabi/4.9.2/../../../../arm-none-eabi/lib/thumb\libg.a(lib_a-fread.o)
                0x02016b54                _fread_r
 .text.fread    0x02016d24       0x24 c:/devkitpro/devkitarm/bin/../lib/gcc/arm-none-eabi/4.9.2/../../../../arm-none-eabi/lib/thumb\libg.a(lib_a-fread.o)
                0x02016d24                fread
 .text._malloc_trim_r
                0x02016d48       0xa4 c:/devkitpro/devkitarm/bin/../lib/gcc/arm-none-eabi/4.9.2/../../../../arm-none-eabi/lib/thumb\libg.a(lib_a-freer.o)
                0x02016d48                _malloc_trim_r
 .text._free_r  0x02016dec      0x1b0 c:/devkitpro/devkitarm/bin/../lib/gcc/arm-none-eabi/4.9.2/../../../../arm-none-eabi/lib/thumb\libg.a(lib_a-freer.o)
                0x02016dec                _free_r
 .text._fseek_r
                0x02016f9c        0xc c:/devkitpro/devkitarm/bin/../lib/gcc/arm-none-eabi/4.9.2/../../../../arm-none-eabi/lib/thumb\libg.a(lib_a-fseek.o)
                0x02016f9c                _fseek_r
 .text.fseek    0x02016fa8       0x1c c:/devkitpro/devkitarm/bin/../lib/gcc/arm-none-eabi/4.9.2/../../../../arm-none-eabi/lib/thumb\libg.a(lib_a-fseek.o)
                0x02016fa8                fseek
 .text._fseeko_r
                0x02016fc4      0x348 c:/devkitpro/devkitarm/bin/../lib/gcc/arm-none-eabi/4.9.2/../../../../arm-none-eabi/lib/thumb\libg.a(lib_a-fseeko.o)
                0x02016fc4                _fseeko_r
 .text.fseeko   0x0201730c       0x1c c:/devkitpro/devkitarm/bin/../lib/gcc/arm-none-eabi/4.9.2/../../../../arm-none-eabi/lib/thumb\libg.a(lib_a-fseeko.o)
                0x0201730c                fseeko
 .text.__sfvwrite_r
                0x02017328      0x340 c:/devkitpro/devkitarm/bin/../lib/gcc/arm-none-eabi/4.9.2/../../../../arm-none-eabi/lib/thumb\libg.a(lib_a-fvwrite.o)
                0x02017328                __sfvwrite_r
 .text._fwalk   0x02017668       0x50 c:/devkitpro/devkitarm/bin/../lib/gcc/arm-none-eabi/4.9.2/../../../../arm-none-eabi/lib/thumb\libg.a(lib_a-fwalk.o)
                0x02017668                _fwalk
 .text._fwalk_reent
                0x020176b8       0x58 c:/devkitpro/devkitarm/bin/../lib/gcc/arm-none-eabi/4.9.2/../../../../arm-none-eabi/lib/thumb\libg.a(lib_a-fwalk.o)
                0x020176b8                _fwalk_reent
 .text._fwrite_r
                0x02017710       0xb4 c:/devkitpro/devkitarm/bin/../lib/gcc/arm-none-eabi/4.9.2/../../../../arm-none-eabi/lib/thumb\libg.a(lib_a-fwrite.o)
                0x02017710                _fwrite_r
 .text.fwrite   0x020177c4       0x24 c:/devkitpro/devkitarm/bin/../lib/gcc/arm-none-eabi/4.9.2/../../../../arm-none-eabi/lib/thumb\libg.a(lib_a-fwrite.o)
                0x020177c4                fwrite
 .text.__libc_init_array
                0x020177e8       0x58 c:/devkitpro/devkitarm/bin/../lib/gcc/arm-none-eabi/4.9.2/../../../../arm-none-eabi/lib/thumb\libg.a(lib_a-init.o)
                0x020177e8                __libc_init_array
 .text.iprintf  0x02017840       0x24 c:/devkitpro/devkitarm/bin/../lib/gcc/arm-none-eabi/4.9.2/../../../../arm-none-eabi/lib/thumb\libg.a(lib_a-iprintf.o)
                0x02017840                iprintf
 .text._iprintf_r
                0x02017864       0x1c c:/devkitpro/devkitarm/bin/../lib/gcc/arm-none-eabi/4.9.2/../../../../arm-none-eabi/lib/thumb\libg.a(lib_a-iprintf.o)
                0x02017864                _iprintf_r
 .text.__smakebuf_r
                0x02017880      0x100 c:/devkitpro/devkitarm/bin/../lib/gcc/arm-none-eabi/4.9.2/../../../../arm-none-eabi/lib/thumb\libg.a(lib_a-makebuf.o)
                0x02017880                __smakebuf_r
 .text.malloc   0x02017980       0x14 c:/devkitpro/devkitarm/bin/../lib/gcc/arm-none-eabi/4.9.2/../../../../arm-none-eabi/lib/thumb\libg.a(lib_a-malloc.o)
                0x02017980                malloc
 .text.free     0x02017994       0x14 c:/devkitpro/devkitarm/bin/../lib/gcc/arm-none-eabi/4.9.2/../../../../arm-none-eabi/lib/thumb\libg.a(lib_a-malloc.o)
                0x02017994                free
 .text._malloc_r
                0x020179a8      0x54c c:/devkitpro/devkitarm/bin/../lib/gcc/arm-none-eabi/4.9.2/../../../../arm-none-eabi/lib/thumb\libg.a(lib_a-mallocr.o)
                0x020179a8                _malloc_r
 .text.memchr   0x02017ef4       0x8c c:/devkitpro/devkitarm/bin/../lib/gcc/arm-none-eabi/4.9.2/../../../../arm-none-eabi/lib/thumb\libg.a(lib_a-memchr.o)
                0x02017ef4                memchr
 .text.memcmp   0x02017f80       0x54 c:/devkitpro/devkitarm/bin/../lib/gcc/arm-none-eabi/4.9.2/../../../../arm-none-eabi/lib/thumb\libg.a(lib_a-memcmp.o)
                0x02017f80                memcmp
 .text.memcpy   0x02017fd4       0x84 c:/devkitpro/devkitarm/bin/../lib/gcc/arm-none-eabi/4.9.2/../../../../arm-none-eabi/lib/thumb\libg.a(lib_a-memcpy.o)
                0x02017fd4                memcpy
 .text.memmove  0x02018058       0x9c c:/devkitpro/devkitarm/bin/../lib/gcc/arm-none-eabi/4.9.2/../../../../arm-none-eabi/lib/thumb\libg.a(lib_a-memmove.o)
                0x02018058                memmove
 .text.memset   0x020180f4       0x98 c:/devkitpro/devkitarm/bin/../lib/gcc/arm-none-eabi/4.9.2/../../../../arm-none-eabi/lib/thumb\libg.a(lib_a-memset.o)
                0x020180f4                memset
 .text.__malloc_lock
                0x0201818c        0x4 c:/devkitpro/devkitarm/bin/../lib/gcc/arm-none-eabi/4.9.2/../../../../arm-none-eabi/lib/thumb\libg.a(lib_a-mlock.o)
                0x0201818c                __malloc_lock
 .text.__malloc_unlock
                0x02018190        0x4 c:/devkitpro/devkitarm/bin/../lib/gcc/arm-none-eabi/4.9.2/../../../../arm-none-eabi/lib/thumb\libg.a(lib_a-mlock.o)
                0x02018190                __malloc_unlock
 .text._printf_r
                0x02018194       0x1c c:/devkitpro/devkitarm/bin/../lib/gcc/arm-none-eabi/4.9.2/../../../../arm-none-eabi/lib/thumb\libg.a(lib_a-printf.o)
                0x02018194                _printf_r
 .text.printf   0x020181b0       0x24 c:/devkitpro/devkitarm/bin/../lib/gcc/arm-none-eabi/4.9.2/../../../../arm-none-eabi/lib/thumb\libg.a(lib_a-printf.o)
                0x020181b0                printf
 .text._putc_r  0x020181d4       0x8c c:/devkitpro/devkitarm/bin/../lib/gcc/arm-none-eabi/4.9.2/../../../../arm-none-eabi/lib/thumb\libg.a(lib_a-putc.o)
                0x020181d4                _putc_r